This is pdfTeX, Version 3.141592653-2.6-1.40.29 (MiKTeX 26.5) (preloaded format=pdflatex.fmt)
 restricted \write18 enabled.
entering extended mode
(main.tex
LaTeX2e <2026-06-01>
L3 programming layer <2026-06-18>
(C:\Users\y.gonos\AppData\Local\Programs\MiKTeX\tex/latex/base\article.cls
Document Class: article 2025/01/22 v1.4n Standard LaTeX document class
(C:\Users\y.gonos\AppData\Local\Programs\MiKTeX\tex/latex/base\size12.clo))
(C:\Users\y.gonos\AppData\Local\Programs\MiKTeX\tex/latex/base\inputenc.sty)
(C:\Users\y.gonos\AppData\Local\Programs\MiKTeX\tex/latex/base\fontenc.sty)
(C:\Users\y.gonos\AppData\Local\Programs\MiKTeX\tex/generic/babel\babel.sty
(C:\Users\y.gonos\AppData\Local\Programs\MiKTeX\tex/generic/babel\txtbabel.def)
*************************************
* Local config file bblopts.cfg used
*
(C:\Users\y.gonos\AppData\Local\Programs\MiKTeX\tex/latex/arabi\bblopts.cfg)
(C:\Users\y.gonos\AppData\Local\Programs\MiKTeX\tex/generic/babel/locale/fr\bab
el-french.tex)
(C:\Users\y.gonos\AppData\Local\Programs\MiKTeX\tex/generic/babel-french\french
.ldf
(C:\Users\y.gonos\AppData\Local\Programs\MiKTeX\tex/generic/babel-french\french
3.ldf)))
(C:\Users\y.gonos\AppData\Local\Programs\MiKTeX\tex/latex/carlisle\scalefnt.sty
)
(C:\Users\y.gonos\AppData\Local\Programs\MiKTeX\tex/latex/csquotes\csquotes.sty

(C:\Users\y.gonos\AppData\Local\Programs\MiKTeX\tex/latex/etoolbox\etoolbox.sty
) (C:\Users\y.gonos\AppData\Local\Programs\MiKTeX\tex/latex/graphics\keyval.sty
)
(C:\Users\y.gonos\AppData\Local\Programs\MiKTeX\tex/latex/csquotes\csquotes.def
)
(C:\Users\y.gonos\AppData\Local\Programs\MiKTeX\tex/latex/csquotes\csquotes.cfg
)) (C:\Users\y.gonos\AppData\Local\Programs\MiKTeX\tex/latex/lm\lmodern.sty)
(C:\Users\y.gonos\AppData\Local\Programs\MiKTeX\tex/latex/geometry\geometry.sty
(C:\Users\y.gonos\AppData\Local\Programs\MiKTeX\tex/generic/iftex\ifvtex.sty
(C:\Users\y.gonos\AppData\Local\Programs\MiKTeX\tex/generic/iftex\iftex.sty))
(C:\Users\y.gonos\AppData\Local\Programs\MiKTeX\tex/latex/geometry\geometry.cfg
))
(C:\Users\y.gonos\AppData\Local\Programs\MiKTeX\tex/latex/setspace\setspace.sty
) (C:\Users\y.gonos\AppData\Local\Programs\MiKTeX\tex/latex/parskip\parskip.sty

(C:\Users\y.gonos\AppData\Local\Programs\MiKTeX\tex/latex/kvoptions\kvoptions.s
ty
(C:\Users\y.gonos\AppData\Local\Programs\MiKTeX\tex/generic/ltxcmds\ltxcmds.sty
)
(C:\Users\y.gonos\AppData\Local\Programs\MiKTeX\tex/latex/kvsetkeys\kvsetkeys.s
ty)))
(C:\Users\y.gonos\AppData\Local\Programs\MiKTeX\tex/latex/pgf/frontendlayer\tik
z.sty
(C:\Users\y.gonos\AppData\Local\Programs\MiKTeX\tex/latex/pgf/basiclayer\pgf.st
y
(C:\Users\y.gonos\AppData\Local\Programs\MiKTeX\tex/latex/pgf/utilities\pgfrcs.
sty
(C:\Users\y.gonos\AppData\Local\Programs\MiKTeX\tex/generic/pgf/utilities\pgfut
il-common.tex)
(C:\Users\y.gonos\AppData\Local\Programs\MiKTeX\tex/generic/pgf/utilities\pgfut
il-latex.def)
(C:\Users\y.gonos\AppData\Local\Programs\MiKTeX\tex/generic/pgf/utilities\pgfrc
s.code.tex
(C:\Users\y.gonos\AppData\Local\Programs\MiKTeX\tex/generic/pgf\pgf.revision.te
x)))
(C:\Users\y.gonos\AppData\Local\Programs\MiKTeX\tex/latex/pgf/basiclayer\pgfcor
e.sty
(C:\Users\y.gonos\AppData\Local\Programs\MiKTeX\tex/latex/graphics\graphicx.sty

(C:\Users\y.gonos\AppData\Local\Programs\MiKTeX\tex/latex/graphics\graphics.sty
(C:\Users\y.gonos\AppData\Local\Programs\MiKTeX\tex/latex/graphics\trig.sty)
(C:\Users\y.gonos\AppData\Local\Programs\MiKTeX\tex/latex/graphics-cfg\graphics
.cfg)
(C:\Users\y.gonos\AppData\Local\Programs\MiKTeX\tex/latex/graphics-def\pdftex.d
ef)))
(C:\Users\y.gonos\AppData\Local\Programs\MiKTeX\tex/latex/pgf/systemlayer\pgfsy
s.sty
(C:\Users\y.gonos\AppData\Local\Programs\MiKTeX\tex/generic/pgf/systemlayer\pgf
sys.code.tex
(C:\Users\y.gonos\AppData\Local\Programs\MiKTeX\tex/generic/pgf/utilities\pgfke
ys.code.tex
(C:\Users\y.gonos\AppData\Local\Programs\MiKTeX\tex/generic/pgf/utilities\pgfke
yslibraryfiltered.code.tex))
(C:\Users\y.gonos\AppData\Local\Programs\MiKTeX\tex/generic/pgf/systemlayer\pgf
.cfg)
(C:\Users\y.gonos\AppData\Local\Programs\MiKTeX\tex/generic/pgf/systemlayer\pgf
sys-pdftex.def
(C:\Users\y.gonos\AppData\Local\Programs\MiKTeX\tex/generic/pgf/systemlayer\pgf
sys-common-pdf.def)))
(C:\Users\y.gonos\AppData\Local\Programs\MiKTeX\tex/generic/pgf/systemlayer\pgf
syssoftpath.code.tex)
(C:\Users\y.gonos\AppData\Local\Programs\MiKTeX\tex/generic/pgf/systemlayer\pgf
sysprotocol.code.tex))
(C:\Users\y.gonos\AppData\Local\Programs\MiKTeX\tex/latex/xcolor\xcolor.sty
(C:\Users\y.gonos\AppData\Local\Programs\MiKTeX\tex/latex/graphics-cfg\color.cf
g)
(C:\Users\y.gonos\AppData\Local\Programs\MiKTeX\tex/latex/graphics\mathcolor.lt
x))
(C:\Users\y.gonos\AppData\Local\Programs\MiKTeX\tex/generic/pgf/basiclayer\pgfc
ore.code.tex
(C:\Users\y.gonos\AppData\Local\Programs\MiKTeX\tex/generic/pgf/math\pgfmath.co
de.tex
(C:\Users\y.gonos\AppData\Local\Programs\MiKTeX\tex/generic/pgf/math\pgfmathuti
l.code.tex)
(C:\Users\y.gonos\AppData\Local\Programs\MiKTeX\tex/generic/pgf/math\pgfmathpar
ser.code.tex)
(C:\Users\y.gonos\AppData\Local\Programs\MiKTeX\tex/generic/pgf/math\pgfmathfun
ctions.code.tex)
(C:\Users\y.gonos\AppData\Local\Programs\MiKTeX\tex/generic/pgf/math\pgfmathfun
ctions.basic.code.tex)
(C:\Users\y.gonos\AppData\Local\Programs\MiKTeX\tex/generic/pgf/math\pgfmathfun
ctions.trigonometric.code.tex)
(C:\Users\y.gonos\AppData\Local\Programs\MiKTeX\tex/generic/pgf/math\pgfmathfun
ctions.random.code.tex)
(C:\Users\y.gonos\AppData\Local\Programs\MiKTeX\tex/generic/pgf/math\pgfmathfun
ctions.comparison.code.tex)
(C:\Users\y.gonos\AppData\Local\Programs\MiKTeX\tex/generic/pgf/math\pgfmathfun
ctions.base.code.tex)
(C:\Users\y.gonos\AppData\Local\Programs\MiKTeX\tex/generic/pgf/math\pgfmathfun
ctions.round.code.tex)
(C:\Users\y.gonos\AppData\Local\Programs\MiKTeX\tex/generic/pgf/math\pgfmathfun
ctions.misc.code.tex)
(C:\Users\y.gonos\AppData\Local\Programs\MiKTeX\tex/generic/pgf/math\pgfmathfun
ctions.integerarithmetics.code.tex)
(C:\Users\y.gonos\AppData\Local\Programs\MiKTeX\tex/generic/pgf/math\pgfmathcal
c.code.tex)
(C:\Users\y.gonos\AppData\Local\Programs\MiKTeX\tex/generic/pgf/math\pgfmathflo
at.code.tex))
(C:\Users\y.gonos\AppData\Local\Programs\MiKTeX\tex/generic/pgf/math\pgfint.cod
e.tex)
(C:\Users\y.gonos\AppData\Local\Programs\MiKTeX\tex/generic/pgf/basiclayer\pgfc
orepoints.code.tex)
(C:\Users\y.gonos\AppData\Local\Programs\MiKTeX\tex/generic/pgf/basiclayer\pgfc
orepathconstruct.code.tex)
(C:\Users\y.gonos\AppData\Local\Programs\MiKTeX\tex/generic/pgf/basiclayer\pgfc
orepathusage.code.tex)
(C:\Users\y.gonos\AppData\Local\Programs\MiKTeX\tex/generic/pgf/basiclayer\pgfc
orescopes.code.tex)
(C:\Users\y.gonos\AppData\Local\Programs\MiKTeX\tex/generic/pgf/basiclayer\pgfc
oregraphicstate.code.tex)
(C:\Users\y.gonos\AppData\Local\Programs\MiKTeX\tex/generic/pgf/basiclayer\pgfc
oretransformations.code.tex)
(C:\Users\y.gonos\AppData\Local\Programs\MiKTeX\tex/generic/pgf/basiclayer\pgfc
orequick.code.tex)
(C:\Users\y.gonos\AppData\Local\Programs\MiKTeX\tex/generic/pgf/basiclayer\pgfc
oreobjects.code.tex)
(C:\Users\y.gonos\AppData\Local\Programs\MiKTeX\tex/generic/pgf/basiclayer\pgfc
orepathprocessing.code.tex)
(C:\Users\y.gonos\AppData\Local\Programs\MiKTeX\tex/generic/pgf/basiclayer\pgfc
orearrows.code.tex)
(C:\Users\y.gonos\AppData\Local\Programs\MiKTeX\tex/generic/pgf/basiclayer\pgfc
oreshade.code.tex)
(C:\Users\y.gonos\AppData\Local\Programs\MiKTeX\tex/generic/pgf/basiclayer\pgfc
oreimage.code.tex)
(C:\Users\y.gonos\AppData\Local\Programs\MiKTeX\tex/generic/pgf/basiclayer\pgfc
oreexternal.code.tex)
(C:\Users\y.gonos\AppData\Local\Programs\MiKTeX\tex/generic/pgf/basiclayer\pgfc
orelayers.code.tex)
(C:\Users\y.gonos\AppData\Local\Programs\MiKTeX\tex/generic/pgf/basiclayer\pgfc
oretransparency.code.tex)
(C:\Users\y.gonos\AppData\Local\Programs\MiKTeX\tex/generic/pgf/basiclayer\pgfc
orepatterns.code.tex)
(C:\Users\y.gonos\AppData\Local\Programs\MiKTeX\tex/generic/pgf/basiclayer\pgfc
orerdf.code.tex)))
(C:\Users\y.gonos\AppData\Local\Programs\MiKTeX\tex/generic/pgf/modules\pgfmodu
leshapes.code.tex)
(C:\Users\y.gonos\AppData\Local\Programs\MiKTeX\tex/generic/pgf/modules\pgfmodu
leplot.code.tex)
(C:\Users\y.gonos\AppData\Local\Programs\MiKTeX\tex/latex/pgf/compatibility\pgf
comp-version-0-65.sty)
(C:\Users\y.gonos\AppData\Local\Programs\MiKTeX\tex/latex/pgf/compatibility\pgf
comp-version-1-18.sty))
(C:\Users\y.gonos\AppData\Local\Programs\MiKTeX\tex/latex/pgf/utilities\pgffor.
sty
(C:\Users\y.gonos\AppData\Local\Programs\MiKTeX\tex/latex/pgf/utilities\pgfkeys
.sty
(C:\Users\y.gonos\AppData\Local\Programs\MiKTeX\tex/generic/pgf/utilities\pgfke
ys.code.tex))
(C:\Users\y.gonos\AppData\Local\Programs\MiKTeX\tex/latex/pgf/math\pgfmath.sty
(C:\Users\y.gonos\AppData\Local\Programs\MiKTeX\tex/generic/pgf/math\pgfmath.co
de.tex))
(C:\Users\y.gonos\AppData\Local\Programs\MiKTeX\tex/generic/pgf/utilities\pgffo
r.code.tex))
(C:\Users\y.gonos\AppData\Local\Programs\MiKTeX\tex/generic/pgf/frontendlayer/t
ikz\tikz.code.tex
(C:\Users\y.gonos\AppData\Local\Programs\MiKTeX\tex/generic/pgf/libraries\pgfli
braryplothandlers.code.tex)
(C:\Users\y.gonos\AppData\Local\Programs\MiKTeX\tex/generic/pgf/modules\pgfmodu
lematrix.code.tex)
(C:\Users\y.gonos\AppData\Local\Programs\MiKTeX\tex/generic/pgf/frontendlayer/t
ikz/libraries\tikzlibrarytopaths.code.tex)))
(C:\Users\y.gonos\AppData\Local\Programs\MiKTeX\tex/generic/pgf/frontendlayer/t
ikz/libraries\tikzlibrarypositioning.code.tex)
(C:\Users\y.gonos\AppData\Local\Programs\MiKTeX\tex/generic/pgf/frontendlayer/t
ikz/libraries\tikzlibraryshapes.geometric.code.tex
(C:\Users\y.gonos\AppData\Local\Programs\MiKTeX\tex/generic/pgf/libraries/shape
s\pgflibraryshapes.geometric.code.tex))
(C:\Users\y.gonos\AppData\Local\Programs\MiKTeX\tex/generic/pgf/libraries\pgfli
braryarrows.meta.code.tex)
(C:\Users\y.gonos\AppData\Local\Programs\MiKTeX\tex/generic/pgf/frontendlayer/t
ikz/libraries\tikzlibrarycalc.code.tex)
(C:\Users\y.gonos\AppData\Local\Programs\MiKTeX\tex/latex/pgfplots\pgfplots.sty

(C:\Users\y.gonos\AppData\Local\Programs\MiKTeX\tex/generic/pgfplots\pgfplots.r
evision.tex)
(C:\Users\y.gonos\AppData\Local\Programs\MiKTeX\tex/generic/pgfplots\pgfplots.c
ode.tex
(C:\Users\y.gonos\AppData\Local\Programs\MiKTeX\tex/generic/pgfplots\pgfplotsco
re.code.tex
(C:\Users\y.gonos\AppData\Local\Programs\MiKTeX\tex/generic/pgfplots/sys\pgfplo
tssysgeneric.code.tex))
(C:\Users\y.gonos\AppData\Local\Programs\MiKTeX\tex/generic/pgfplots/libs\pgfpl
otslibrary.code.tex)
(C:\Users\y.gonos\AppData\Local\Programs\MiKTeX\tex/generic/pgfplots/oldpgfcomp
atib\pgfplotsoldpgfsupp_loader.code.tex
(C:\Users\y.gonos\AppData\Local\Programs\MiKTeX\tex/generic/pgf/libraries\pgfli
braryfpu.code.tex)
Package pgfplots: loading complementary utilities for your pgf version...

(C:\Users\y.gonos\AppData\Local\Programs\MiKTeX\tex/generic/pgfplots/oldpgfcomp
atib\pgfplotsoldpgfsupp_pgfutil-common-lists.tex))
(C:\Users\y.gonos\AppData\Local\Programs\MiKTeX\tex/generic/pgfplots/util\pgfpl
otsutil.code.tex
(C:\Users\y.gonos\AppData\Local\Programs\MiKTeX\tex/generic/pgfplots/liststruct
ure\pgfplotsliststructure.code.tex)
(C:\Users\y.gonos\AppData\Local\Programs\MiKTeX\tex/generic/pgfplots/liststruct
ure\pgfplotsliststructureext.code.tex)
(C:\Users\y.gonos\AppData\Local\Programs\MiKTeX\tex/generic/pgfplots/liststruct
ure\pgfplotsarray.code.tex)
(C:\Users\y.gonos\AppData\Local\Programs\MiKTeX\tex/generic/pgfplots/liststruct
ure\pgfplotsmatrix.code.tex)
(C:\Users\y.gonos\AppData\Local\Programs\MiKTeX\tex/generic/pgfplots/numtable\p
gfplotstableshared.code.tex)
(C:\Users\y.gonos\AppData\Local\Programs\MiKTeX\tex/generic/pgfplots/liststruct
ure\pgfplotsdeque.code.tex)
(C:\Users\y.gonos\AppData\Local\Programs\MiKTeX\tex/generic/pgfplots/util\pgfpl
otsbinary.code.tex
(C:\Users\y.gonos\AppData\Local\Programs\MiKTeX\tex/generic/pgfplots/util\pgfpl
otsbinary.data.code.tex))
(C:\Users\y.gonos\AppData\Local\Programs\MiKTeX\tex/generic/pgfplots/util\pgfpl
otsutil.verb.code.tex)
(C:\Users\y.gonos\AppData\Local\Programs\MiKTeX\tex/generic/pgfplots/libs\pgfli
brarypgfplots.surfshading.code.tex
(C:\Users\y.gonos\AppData\Local\Programs\MiKTeX\tex/generic/pgfplots/sys\pgflib
rarypgfplots.surfshading.pgfsys-pdftex.def)))
(C:\Users\y.gonos\AppData\Local\Programs\MiKTeX\tex/generic/pgfplots/util\pgfpl
otscolormap.code.tex
(C:\Users\y.gonos\AppData\Local\Programs\MiKTeX\tex/generic/pgfplots/util\pgfpl
otscolor.code.tex))
(C:\Users\y.gonos\AppData\Local\Programs\MiKTeX\tex/generic/pgfplots\pgfplotsst
ackedplots.code.tex)
(C:\Users\y.gonos\AppData\Local\Programs\MiKTeX\tex/generic/pgfplots\pgfplotspl
othandlers.code.tex
(C:\Users\y.gonos\AppData\Local\Programs\MiKTeX\tex/generic/pgfplots\pgfplotsme
shplothandler.code.tex
(C:\Users\y.gonos\AppData\Local\Programs\MiKTeX\tex/generic/pgfplots\pgfplotsme
shplotimage.code.tex)))
(C:\Users\y.gonos\AppData\Local\Programs\MiKTeX\tex/generic/pgfplots\pgfplots.s
caling.code.tex)
(C:\Users\y.gonos\AppData\Local\Programs\MiKTeX\tex/generic/pgfplots\pgfplotsco
ordprocessing.code.tex)
(C:\Users\y.gonos\AppData\Local\Programs\MiKTeX\tex/generic/pgfplots\pgfplots.e
rrorbars.code.tex)
(C:\Users\y.gonos\AppData\Local\Programs\MiKTeX\tex/generic/pgfplots\pgfplots.m
arkers.code.tex)
(C:\Users\y.gonos\AppData\Local\Programs\MiKTeX\tex/generic/pgfplots\pgfplotsti
cks.code.tex)
(C:\Users\y.gonos\AppData\Local\Programs\MiKTeX\tex/generic/pgfplots\pgfplots.p
aths.code.tex)
(C:\Users\y.gonos\AppData\Local\Programs\MiKTeX\tex/generic/pgf/frontendlayer/t
ikz/libraries\tikzlibrarydecorations.code.tex
(C:\Users\y.gonos\AppData\Local\Programs\MiKTeX\tex/generic/pgf/modules\pgfmodu
ledecorations.code.tex))
(C:\Users\y.gonos\AppData\Local\Programs\MiKTeX\tex/generic/pgf/frontendlayer/t
ikz/libraries\tikzlibrarydecorations.pathmorphing.code.tex
(C:\Users\y.gonos\AppData\Local\Programs\MiKTeX\tex/generic/pgf/libraries/decor
ations\pgflibrarydecorations.pathmorphing.code.tex))
(C:\Users\y.gonos\AppData\Local\Programs\MiKTeX\tex/generic/pgf/frontendlayer/t
ikz/libraries\tikzlibrarydecorations.pathreplacing.code.tex
(C:\Users\y.gonos\AppData\Local\Programs\MiKTeX\tex/generic/pgf/libraries/decor
ations\pgflibrarydecorations.pathreplacing.code.tex))
(C:\Users\y.gonos\AppData\Local\Programs\MiKTeX\tex/generic/pgfplots/libs\tikzl
ibrarypgfplots.contourlua.code.tex))
(C:\Users\y.gonos\AppData\Local\Programs\MiKTeX\tex/generic/pgf/frontendlayer/t
ikz/libraries\tikzlibraryplotmarks.code.tex
(C:\Users\y.gonos\AppData\Local\Programs\MiKTeX\tex/generic/pgf/libraries\pgfli
braryplotmarks.code.tex)))
(C:\Users\y.gonos\AppData\Local\Programs\MiKTeX\tex/latex/microtype\microtype.s
ty
(C:\Users\y.gonos\AppData\Local\Programs\MiKTeX\tex/latex/microtype\microtype-p
dftex.def)
(C:\Users\y.gonos\AppData\Local\Programs\MiKTeX\tex/latex/microtype\microtype.c
fg))
(C:\Users\y.gonos\AppData\Local\Programs\MiKTeX\tex/latex/base\textcomp.sty)
(C:\Users\y.gonos\AppData\Local\Programs\MiKTeX\tex/latex/amsmath\amsmath.sty
For additional information on amsmath, use the `?' option.
(C:\Users\y.gonos\AppData\Local\Programs\MiKTeX\tex/latex/amsmath\amstext.sty
(C:\Users\y.gonos\AppData\Local\Programs\MiKTeX\tex/latex/amsmath\amsgen.sty))
(C:\Users\y.gonos\AppData\Local\Programs\MiKTeX\tex/latex/amsmath\amsbsy.sty)
(C:\Users\y.gonos\AppData\Local\Programs\MiKTeX\tex/latex/amsmath\amsopn.sty))
(C:\Users\y.gonos\AppData\Local\Programs\MiKTeX\tex/latex/fancyhdr\fancyhdr.sty
)
(C:\Users\y.gonos\AppData\Local\Programs\MiKTeX\tex/latex/booktabs\booktabs.sty
) (C:\Users\y.gonos\AppData\Local\Programs\MiKTeX\tex/latex/tools\tabularx.sty
(C:\Users\y.gonos\AppData\Local\Programs\MiKTeX\tex/latex/tools\array.sty))
(C:\Users\y.gonos\AppData\Local\Programs\MiKTeX\tex/latex/tools\longtable.sty)
(C:\Users\y.gonos\AppData\Local\Programs\MiKTeX\tex/latex/multirow\multirow.sty
)
(C:\Users\y.gonos\AppData\Local\Programs\MiKTeX\tex/latex/enumitem\enumitem.sty
)
(C:\Users\y.gonos\AppData\Local\Programs\MiKTeX\tex/latex/biblatex\biblatex.sty

(C:\Users\y.gonos\AppData\Local\Programs\MiKTeX\tex/generic/pdftexcmds\pdftexcm
ds.sty
(C:\Users\y.gonos\AppData\Local\Programs\MiKTeX\tex/generic/infwarerr\infwarerr
.sty))
(C:\Users\y.gonos\AppData\Local\Programs\MiKTeX\tex/latex/logreq\logreq.sty
(C:\Users\y.gonos\AppData\Local\Programs\MiKTeX\tex/latex/logreq\logreq.def))
(C:\Users\y.gonos\AppData\Local\Programs\MiKTeX\tex/latex/base\ifthen.sty)
(C:\Users\y.gonos\AppData\Local\Programs\MiKTeX\tex/latex/url\url.sty)
(C:\Users\y.gonos\AppData\Local\Programs\MiKTeX\tex/latex/biblatex\blx-dm.def)
(C:\Users\y.gonos\AppData\Local\Programs\MiKTeX\tex/latex/biblatex\blx-compat.d
ef)
(C:\Users\y.gonos\AppData\Local\Programs\MiKTeX\tex/latex/biblatex\biblatex.def
)
(C:\Users\y.gonos\AppData\Local\Programs\MiKTeX\tex/latex/biblatex/bbx\numeric.
bbx
(C:\Users\y.gonos\AppData\Local\Programs\MiKTeX\tex/latex/biblatex/bbx\standard
.bbx))
(C:\Users\y.gonos\AppData\Local\Programs\MiKTeX\tex/latex/biblatex/cbx\numeric.
cbx)
(C:\Users\y.gonos\AppData\Local\Programs\MiKTeX\tex/latex/biblatex\biblatex.cfg
) (C:\Users\y.gonos\AppData\Local\Programs\MiKTeX\tex/latex/l3kernel\expl3.sty
(C:\Users\y.gonos\AppData\Local\Programs\MiKTeX\tex/latex/l3backend\l3backend-p
dftex.def))
(C:\Users\y.gonos\AppData\Local\Programs\MiKTeX\tex/latex/biblatex\blx-case-exp
l3.sty
(C:\Users\y.gonos\AppData\Local\Programs\MiKTeX\tex/latex/l3packages/xparse\xpa
rse.sty)))
(C:\Users\y.gonos\AppData\Local\Programs\MiKTeX\tex/latex/hyperref\hyperref.sty

(C:\Users\y.gonos\AppData\Local\Programs\MiKTeX\tex/generic/kvdefinekeys\kvdefi
nekeys.sty)
(C:\Users\y.gonos\AppData\Local\Programs\MiKTeX\tex/generic/pdfescape\pdfescape
.sty)
(C:\Users\y.gonos\AppData\Local\Programs\MiKTeX\tex/latex/hycolor\hycolor.sty)
(C:\Users\y.gonos\AppData\Local\Programs\MiKTeX\tex/latex/hyperref\nameref.sty
(C:\Users\y.gonos\AppData\Local\Programs\MiKTeX\tex/latex/refcount\refcount.sty
)
(C:\Users\y.gonos\AppData\Local\Programs\MiKTeX\tex/generic/gettitlestring\gett
itlestring.sty))
(C:\Users\y.gonos\AppData\Local\Programs\MiKTeX\tex/generic/stringenc\stringenc
.sty)
(C:\Users\y.gonos\AppData\Local\Programs\MiKTeX\tex/latex/hyperref\pd1enc.def)
(C:\Users\y.gonos\AppData\Local\Programs\MiKTeX\tex/generic/intcalc\intcalc.sty
) (C:\Users\y.gonos\AppData\Local\Programs\MiKTeX\tex/latex/hyperref\puenc.def)
(C:\Users\y.gonos\AppData\Local\Programs\MiKTeX\tex/generic/bitset\bitset.sty
(C:\Users\y.gonos\AppData\Local\Programs\MiKTeX\tex/generic/bigintcalc\bigintca
lc.sty)))
(C:\Users\y.gonos\AppData\Local\Programs\MiKTeX\tex/latex/hyperref\hpdftex.def
(C:\Users\y.gonos\AppData\Local\Programs\MiKTeX\tex/latex/rerunfilecheck\rerunf
ilecheck.sty
(C:\Users\y.gonos\AppData\Local\Programs\MiKTeX\tex/generic/uniquecounter\uniqu
ecounter.sty)))
(C:\Users\y.gonos\AppData\Local\Programs\MiKTeX\tex/latex/xurl\xurl.sty
xurl: Set penalties for biblatex
) (C:\Users\y.gonos\AppData\Local\Programs\MiKTeX\tex/latex/lm\t1lmr.fd)
(main.aux)
*geometry* driver: auto-detecting
*geometry* detected driver: pdftex

(C:\Users\y.gonos\AppData\Local\Programs\MiKTeX\tex/context/base/mkii\supp-pdf.
mkii
[Loading MPS to PDF converter (version 2006.09.02).]
)
(C:\Users\y.gonos\AppData\Local\Programs\MiKTeX\tex/latex/epstopdf-pkg\epstopdf
-base.sty
(C:\Users\y.gonos\AppData\Local\Programs\MiKTeX\tex/latex/00miktex\epstopdf-sys
.cfg))
Package pgfplots notification 'compat/show suggested version=true': document ha
s been generated with the most recent feature set (\pgfplotsset{compat=1.18}).

(C:\Users\y.gonos\AppData\Local\Programs\MiKTeX\tex/latex/microtype\mt-cmr.cfg)

(C:\Users\y.gonos\AppData\Local\Programs\MiKTeX\tex/latex/biblatex/lbx\french.l
bx) (main.bbl) (main.out) (main.out)
(C:\Users\y.gonos\AppData\Local\Programs\MiKTeX\tex/latex/lm\ot1lmr.fd)
(C:\Users\y.gonos\AppData\Local\Programs\MiKTeX\tex/latex/lm\omllmm.fd)
(C:\Users\y.gonos\AppData\Local\Programs\MiKTeX\tex/latex/lm\omslmsy.fd)
(C:\Users\y.gonos\AppData\Local\Programs\MiKTeX\tex/latex/lm\omxlmex.fd)
[1{C:/Users/y.gonos/AppData/Local/MiKTeX/fonts/map/pdftex/pdftex.map}{C:/Users/
y.gonos/AppData/Local/Programs/MiKTeX/fonts/enc/dvips/lm/lm-ec.enc} <./images/l
ogo_3il_ingenieurs.png> <./images/iveco_logo.jpg>] [2] (main.toc) [3]
(sections/acronymes.tex) [4] (sections/entreprise.tex
(C:\Users\y.gonos\AppData\Local\Programs\MiKTeX\tex/latex/lm\ts1lmr.fd)
[5{C:/Users/y.gonos/AppData/Local/Programs/MiKTeX/fonts/enc/dvips/lm/lm-ts1.enc
}] [6]) (sections/introduction.tex [7]) (sections/gouvernance.tex [8{C:/Users/y
.gonos/AppData/Local/Programs/MiKTeX/fonts/enc/dvips/lm/lm-rm.enc}] [9{C:/Users
/y.gonos/AppData/Local/Programs/MiKTeX/fonts/enc/dvips/lm/lm-mathit.enc}]
[10]) (sections/social.tex [11] [12] [13]) (sections/numerique.tex [14]
[15] [16]) [17] (sections/conclusion.tex) [18] (sections/glossaire.tex [19])
[20] (C:\Users\y.gonos\AppData\Local\Programs\MiKTeX\tex/latex/lm\t1lmtt.fd)
[21] (main.aux) )<C:/Users/y.gonos/AppData/Local/Programs/MiKTeX/fonts/type1/pu
blic/lm/lmbx10.pfb><C:/Users/y.gonos/AppData/Local/Programs/MiKTeX/fonts/type1/
public/lm/lmbx12.pfb><C:/Users/y.gonos/AppData/Local/Programs/MiKTeX/fonts/type
1/public/lm/lmcsc10.pfb><C:/Users/y.gonos/AppData/Local/Programs/MiKTeX/fonts/t
ype1/public/lm/lmmi12.pfb><C:/Users/y.gonos/AppData/Local/Programs/MiKTeX/fonts
/type1/public/lm/lmr10.pfb><C:/Users/y.gonos/AppData/Local/Programs/MiKTeX/font
s/type1/public/lm/lmr12.pfb><C:/Users/y.gonos/AppData/Local/Programs/MiKTeX/fon
ts/type1/public/lm/lmr6.pfb><C:/Users/y.gonos/AppData/Local/Programs/MiKTeX/fon
ts/type1/public/lm/lmr7.pfb><C:/Users/y.gonos/AppData/Local/Programs/MiKTeX/fon
ts/type1/public/lm/lmr8.pfb><C:/Users/y.gonos/AppData/Local/Programs/MiKTeX/fon
ts/type1/public/lm/lmri10.pfb><C:/Users/y.gonos/AppData/Local/Programs/MiKTeX/f
onts/type1/public/lm/lmri12.pfb><C:/Users/y.gonos/AppData/Local/Programs/MiKTeX
/fonts/type1/public/lm/lmri8.pfb><C:/Users/y.gonos/AppData/Local/Programs/MiKTe
X/fonts/type1/public/lm/lmtt12.pfb>
Output written on main.pdf (21 pages, 481246 bytes).
Transcript written on main.log.
pdflatex: major issue: So far, you have not checked for MiKTeX updates.
INFO - This is Biber 2.21
INFO - Logfile is 'main.blg'
INFO - Reading 'main.bcf'
INFO - Found 16 citekeys in bib section 0
INFO - Processing section 0
INFO - Looking for bibtex file 'bib/references.bib' for section 0
INFO - LaTeX decoding ...
INFO - Found BibTeX data source 'bib/references.bib'
INFO - Overriding locale 'fr-FR' defaults 'normalization = NFD' with 'normalization = prenormalized'
INFO - Overriding locale 'fr-FR' defaults 'variable = shifted' with 'variable = non-ignorable'
INFO - Sorting list 'nyt/global//global/global/global' of type 'entry' with template 'nyt' and locale 'fr-FR'
INFO - No sort tailoring available for locale 'fr-FR'
INFO - Writing 'main.bbl' with encoding 'UTF-8'
INFO - Output to main.bbl
biber: major issue: So far, you have not checked for MiKTeX updates.
This is pdfTeX, Version 3.141592653-2.6-1.40.29 (MiKTeX 26.5) (preloaded format=pdflatex.fmt)
 restricted \write18 enabled.
entering extended mode
(main.tex
LaTeX2e <2026-06-01>
L3 programming layer <2026-06-18>
(C:\Users\y.gonos\AppData\Local\Programs\MiKTeX\tex/latex/base\article.cls
Document Class: article 2025/01/22 v1.4n Standard LaTeX document class
(C:\Users\y.gonos\AppData\Local\Programs\MiKTeX\tex/latex/base\size12.clo))
(C:\Users\y.gonos\AppData\Local\Programs\MiKTeX\tex/latex/base\inputenc.sty)
(C:\Users\y.gonos\AppData\Local\Programs\MiKTeX\tex/latex/base\fontenc.sty)
(C:\Users\y.gonos\AppData\Local\Programs\MiKTeX\tex/generic/babel\babel.sty
(C:\Users\y.gonos\AppData\Local\Programs\MiKTeX\tex/generic/babel\txtbabel.def)
*************************************
* Local config file bblopts.cfg used
*
(C:\Users\y.gonos\AppData\Local\Programs\MiKTeX\tex/latex/arabi\bblopts.cfg)
(C:\Users\y.gonos\AppData\Local\Programs\MiKTeX\tex/generic/babel/locale/fr\bab
el-french.tex)
(C:\Users\y.gonos\AppData\Local\Programs\MiKTeX\tex/generic/babel-french\french
.ldf
(C:\Users\y.gonos\AppData\Local\Programs\MiKTeX\tex/generic/babel-french\french
3.ldf)))
(C:\Users\y.gonos\AppData\Local\Programs\MiKTeX\tex/latex/carlisle\scalefnt.sty
)
(C:\Users\y.gonos\AppData\Local\Programs\MiKTeX\tex/latex/csquotes\csquotes.sty

(C:\Users\y.gonos\AppData\Local\Programs\MiKTeX\tex/latex/etoolbox\etoolbox.sty
) (C:\Users\y.gonos\AppData\Local\Programs\MiKTeX\tex/latex/graphics\keyval.sty
)
(C:\Users\y.gonos\AppData\Local\Programs\MiKTeX\tex/latex/csquotes\csquotes.def
)
(C:\Users\y.gonos\AppData\Local\Programs\MiKTeX\tex/latex/csquotes\csquotes.cfg
)) (C:\Users\y.gonos\AppData\Local\Programs\MiKTeX\tex/latex/lm\lmodern.sty)
(C:\Users\y.gonos\AppData\Local\Programs\MiKTeX\tex/latex/geometry\geometry.sty
(C:\Users\y.gonos\AppData\Local\Programs\MiKTeX\tex/generic/iftex\ifvtex.sty
(C:\Users\y.gonos\AppData\Local\Programs\MiKTeX\tex/generic/iftex\iftex.sty))
(C:\Users\y.gonos\AppData\Local\Programs\MiKTeX\tex/latex/geometry\geometry.cfg
))
(C:\Users\y.gonos\AppData\Local\Programs\MiKTeX\tex/latex/setspace\setspace.sty
) (C:\Users\y.gonos\AppData\Local\Programs\MiKTeX\tex/latex/parskip\parskip.sty

(C:\Users\y.gonos\AppData\Local\Programs\MiKTeX\tex/latex/kvoptions\kvoptions.s
ty
(C:\Users\y.gonos\AppData\Local\Programs\MiKTeX\tex/generic/ltxcmds\ltxcmds.sty
)
(C:\Users\y.gonos\AppData\Local\Programs\MiKTeX\tex/latex/kvsetkeys\kvsetkeys.s
ty)))
(C:\Users\y.gonos\AppData\Local\Programs\MiKTeX\tex/latex/pgf/frontendlayer\tik
z.sty
(C:\Users\y.gonos\AppData\Local\Programs\MiKTeX\tex/latex/pgf/basiclayer\pgf.st
y
(C:\Users\y.gonos\AppData\Local\Programs\MiKTeX\tex/latex/pgf/utilities\pgfrcs.
sty
(C:\Users\y.gonos\AppData\Local\Programs\MiKTeX\tex/generic/pgf/utilities\pgfut
il-common.tex)
(C:\Users\y.gonos\AppData\Local\Programs\MiKTeX\tex/generic/pgf/utilities\pgfut
il-latex.def)
(C:\Users\y.gonos\AppData\Local\Programs\MiKTeX\tex/generic/pgf/utilities\pgfrc
s.code.tex
(C:\Users\y.gonos\AppData\Local\Programs\MiKTeX\tex/generic/pgf\pgf.revision.te
x)))
(C:\Users\y.gonos\AppData\Local\Programs\MiKTeX\tex/latex/pgf/basiclayer\pgfcor
e.sty
(C:\Users\y.gonos\AppData\Local\Programs\MiKTeX\tex/latex/graphics\graphicx.sty

(C:\Users\y.gonos\AppData\Local\Programs\MiKTeX\tex/latex/graphics\graphics.sty
(C:\Users\y.gonos\AppData\Local\Programs\MiKTeX\tex/latex/graphics\trig.sty)
(C:\Users\y.gonos\AppData\Local\Programs\MiKTeX\tex/latex/graphics-cfg\graphics
.cfg)
(C:\Users\y.gonos\AppData\Local\Programs\MiKTeX\tex/latex/graphics-def\pdftex.d
ef)))
(C:\Users\y.gonos\AppData\Local\Programs\MiKTeX\tex/latex/pgf/systemlayer\pgfsy
s.sty
(C:\Users\y.gonos\AppData\Local\Programs\MiKTeX\tex/generic/pgf/systemlayer\pgf
sys.code.tex
(C:\Users\y.gonos\AppData\Local\Programs\MiKTeX\tex/generic/pgf/utilities\pgfke
ys.code.tex
(C:\Users\y.gonos\AppData\Local\Programs\MiKTeX\tex/generic/pgf/utilities\pgfke
yslibraryfiltered.code.tex))
(C:\Users\y.gonos\AppData\Local\Programs\MiKTeX\tex/generic/pgf/systemlayer\pgf
.cfg)
(C:\Users\y.gonos\AppData\Local\Programs\MiKTeX\tex/generic/pgf/systemlayer\pgf
sys-pdftex.def
(C:\Users\y.gonos\AppData\Local\Programs\MiKTeX\tex/generic/pgf/systemlayer\pgf
sys-common-pdf.def)))
(C:\Users\y.gonos\AppData\Local\Programs\MiKTeX\tex/generic/pgf/systemlayer\pgf
syssoftpath.code.tex)
(C:\Users\y.gonos\AppData\Local\Programs\MiKTeX\tex/generic/pgf/systemlayer\pgf
sysprotocol.code.tex))
(C:\Users\y.gonos\AppData\Local\Programs\MiKTeX\tex/latex/xcolor\xcolor.sty
(C:\Users\y.gonos\AppData\Local\Programs\MiKTeX\tex/latex/graphics-cfg\color.cf
g)
(C:\Users\y.gonos\AppData\Local\Programs\MiKTeX\tex/latex/graphics\mathcolor.lt
x))
(C:\Users\y.gonos\AppData\Local\Programs\MiKTeX\tex/generic/pgf/basiclayer\pgfc
ore.code.tex
(C:\Users\y.gonos\AppData\Local\Programs\MiKTeX\tex/generic/pgf/math\pgfmath.co
de.tex
(C:\Users\y.gonos\AppData\Local\Programs\MiKTeX\tex/generic/pgf/math\pgfmathuti
l.code.tex)
(C:\Users\y.gonos\AppData\Local\Programs\MiKTeX\tex/generic/pgf/math\pgfmathpar
ser.code.tex)
(C:\Users\y.gonos\AppData\Local\Programs\MiKTeX\tex/generic/pgf/math\pgfmathfun
ctions.code.tex)
(C:\Users\y.gonos\AppData\Local\Programs\MiKTeX\tex/generic/pgf/math\pgfmathfun
ctions.basic.code.tex)
(C:\Users\y.gonos\AppData\Local\Programs\MiKTeX\tex/generic/pgf/math\pgfmathfun
ctions.trigonometric.code.tex)
(C:\Users\y.gonos\AppData\Local\Programs\MiKTeX\tex/generic/pgf/math\pgfmathfun
ctions.random.code.tex)
(C:\Users\y.gonos\AppData\Local\Programs\MiKTeX\tex/generic/pgf/math\pgfmathfun
ctions.comparison.code.tex)
(C:\Users\y.gonos\AppData\Local\Programs\MiKTeX\tex/generic/pgf/math\pgfmathfun
ctions.base.code.tex)
(C:\Users\y.gonos\AppData\Local\Programs\MiKTeX\tex/generic/pgf/math\pgfmathfun
ctions.round.code.tex)
(C:\Users\y.gonos\AppData\Local\Programs\MiKTeX\tex/generic/pgf/math\pgfmathfun
ctions.misc.code.tex)
(C:\Users\y.gonos\AppData\Local\Programs\MiKTeX\tex/generic/pgf/math\pgfmathfun
ctions.integerarithmetics.code.tex)
(C:\Users\y.gonos\AppData\Local\Programs\MiKTeX\tex/generic/pgf/math\pgfmathcal
c.code.tex)
(C:\Users\y.gonos\AppData\Local\Programs\MiKTeX\tex/generic/pgf/math\pgfmathflo
at.code.tex))
(C:\Users\y.gonos\AppData\Local\Programs\MiKTeX\tex/generic/pgf/math\pgfint.cod
e.tex)
(C:\Users\y.gonos\AppData\Local\Programs\MiKTeX\tex/generic/pgf/basiclayer\pgfc
orepoints.code.tex)
(C:\Users\y.gonos\AppData\Local\Programs\MiKTeX\tex/generic/pgf/basiclayer\pgfc
orepathconstruct.code.tex)
(C:\Users\y.gonos\AppData\Local\Programs\MiKTeX\tex/generic/pgf/basiclayer\pgfc
orepathusage.code.tex)
(C:\Users\y.gonos\AppData\Local\Programs\MiKTeX\tex/generic/pgf/basiclayer\pgfc
orescopes.code.tex)
(C:\Users\y.gonos\AppData\Local\Programs\MiKTeX\tex/generic/pgf/basiclayer\pgfc
oregraphicstate.code.tex)
(C:\Users\y.gonos\AppData\Local\Programs\MiKTeX\tex/generic/pgf/basiclayer\pgfc
oretransformations.code.tex)
(C:\Users\y.gonos\AppData\Local\Programs\MiKTeX\tex/generic/pgf/basiclayer\pgfc
orequick.code.tex)
(C:\Users\y.gonos\AppData\Local\Programs\MiKTeX\tex/generic/pgf/basiclayer\pgfc
oreobjects.code.tex)
(C:\Users\y.gonos\AppData\Local\Programs\MiKTeX\tex/generic/pgf/basiclayer\pgfc
orepathprocessing.code.tex)
(C:\Users\y.gonos\AppData\Local\Programs\MiKTeX\tex/generic/pgf/basiclayer\pgfc
orearrows.code.tex)
(C:\Users\y.gonos\AppData\Local\Programs\MiKTeX\tex/generic/pgf/basiclayer\pgfc
oreshade.code.tex)
(C:\Users\y.gonos\AppData\Local\Programs\MiKTeX\tex/generic/pgf/basiclayer\pgfc
oreimage.code.tex)
(C:\Users\y.gonos\AppData\Local\Programs\MiKTeX\tex/generic/pgf/basiclayer\pgfc
oreexternal.code.tex)
(C:\Users\y.gonos\AppData\Local\Programs\MiKTeX\tex/generic/pgf/basiclayer\pgfc
orelayers.code.tex)
(C:\Users\y.gonos\AppData\Local\Programs\MiKTeX\tex/generic/pgf/basiclayer\pgfc
oretransparency.code.tex)
(C:\Users\y.gonos\AppData\Local\Programs\MiKTeX\tex/generic/pgf/basiclayer\pgfc
orepatterns.code.tex)
(C:\Users\y.gonos\AppData\Local\Programs\MiKTeX\tex/generic/pgf/basiclayer\pgfc
orerdf.code.tex)))
(C:\Users\y.gonos\AppData\Local\Programs\MiKTeX\tex/generic/pgf/modules\pgfmodu
leshapes.code.tex)
(C:\Users\y.gonos\AppData\Local\Programs\MiKTeX\tex/generic/pgf/modules\pgfmodu
leplot.code.tex)
(C:\Users\y.gonos\AppData\Local\Programs\MiKTeX\tex/latex/pgf/compatibility\pgf
comp-version-0-65.sty)
(C:\Users\y.gonos\AppData\Local\Programs\MiKTeX\tex/latex/pgf/compatibility\pgf
comp-version-1-18.sty))
(C:\Users\y.gonos\AppData\Local\Programs\MiKTeX\tex/latex/pgf/utilities\pgffor.
sty
(C:\Users\y.gonos\AppData\Local\Programs\MiKTeX\tex/latex/pgf/utilities\pgfkeys
.sty
(C:\Users\y.gonos\AppData\Local\Programs\MiKTeX\tex/generic/pgf/utilities\pgfke
ys.code.tex))
(C:\Users\y.gonos\AppData\Local\Programs\MiKTeX\tex/latex/pgf/math\pgfmath.sty
(C:\Users\y.gonos\AppData\Local\Programs\MiKTeX\tex/generic/pgf/math\pgfmath.co
de.tex))
(C:\Users\y.gonos\AppData\Local\Programs\MiKTeX\tex/generic/pgf/utilities\pgffo
r.code.tex))
(C:\Users\y.gonos\AppData\Local\Programs\MiKTeX\tex/generic/pgf/frontendlayer/t
ikz\tikz.code.tex
(C:\Users\y.gonos\AppData\Local\Programs\MiKTeX\tex/generic/pgf/libraries\pgfli
braryplothandlers.code.tex)
(C:\Users\y.gonos\AppData\Local\Programs\MiKTeX\tex/generic/pgf/modules\pgfmodu
lematrix.code.tex)
(C:\Users\y.gonos\AppData\Local\Programs\MiKTeX\tex/generic/pgf/frontendlayer/t
ikz/libraries\tikzlibrarytopaths.code.tex)))
(C:\Users\y.gonos\AppData\Local\Programs\MiKTeX\tex/generic/pgf/frontendlayer/t
ikz/libraries\tikzlibrarypositioning.code.tex)
(C:\Users\y.gonos\AppData\Local\Programs\MiKTeX\tex/generic/pgf/frontendlayer/t
ikz/libraries\tikzlibraryshapes.geometric.code.tex
(C:\Users\y.gonos\AppData\Local\Programs\MiKTeX\tex/generic/pgf/libraries/shape
s\pgflibraryshapes.geometric.code.tex))
(C:\Users\y.gonos\AppData\Local\Programs\MiKTeX\tex/generic/pgf/libraries\pgfli
braryarrows.meta.code.tex)
(C:\Users\y.gonos\AppData\Local\Programs\MiKTeX\tex/generic/pgf/frontendlayer/t
ikz/libraries\tikzlibrarycalc.code.tex)
(C:\Users\y.gonos\AppData\Local\Programs\MiKTeX\tex/latex/pgfplots\pgfplots.sty

(C:\Users\y.gonos\AppData\Local\Programs\MiKTeX\tex/generic/pgfplots\pgfplots.r
evision.tex)
(C:\Users\y.gonos\AppData\Local\Programs\MiKTeX\tex/generic/pgfplots\pgfplots.c
ode.tex
(C:\Users\y.gonos\AppData\Local\Programs\MiKTeX\tex/generic/pgfplots\pgfplotsco
re.code.tex
(C:\Users\y.gonos\AppData\Local\Programs\MiKTeX\tex/generic/pgfplots/sys\pgfplo
tssysgeneric.code.tex))
(C:\Users\y.gonos\AppData\Local\Programs\MiKTeX\tex/generic/pgfplots/libs\pgfpl
otslibrary.code.tex)
(C:\Users\y.gonos\AppData\Local\Programs\MiKTeX\tex/generic/pgfplots/oldpgfcomp
atib\pgfplotsoldpgfsupp_loader.code.tex
(C:\Users\y.gonos\AppData\Local\Programs\MiKTeX\tex/generic/pgf/libraries\pgfli
braryfpu.code.tex)
Package pgfplots: loading complementary utilities for your pgf version...

(C:\Users\y.gonos\AppData\Local\Programs\MiKTeX\tex/generic/pgfplots/oldpgfcomp
atib\pgfplotsoldpgfsupp_pgfutil-common-lists.tex))
(C:\Users\y.gonos\AppData\Local\Programs\MiKTeX\tex/generic/pgfplots/util\pgfpl
otsutil.code.tex
(C:\Users\y.gonos\AppData\Local\Programs\MiKTeX\tex/generic/pgfplots/liststruct
ure\pgfplotsliststructure.code.tex)
(C:\Users\y.gonos\AppData\Local\Programs\MiKTeX\tex/generic/pgfplots/liststruct
ure\pgfplotsliststructureext.code.tex)
(C:\Users\y.gonos\AppData\Local\Programs\MiKTeX\tex/generic/pgfplots/liststruct
ure\pgfplotsarray.code.tex)
(C:\Users\y.gonos\AppData\Local\Programs\MiKTeX\tex/generic/pgfplots/liststruct
ure\pgfplotsmatrix.code.tex)
(C:\Users\y.gonos\AppData\Local\Programs\MiKTeX\tex/generic/pgfplots/numtable\p
gfplotstableshared.code.tex)
(C:\Users\y.gonos\AppData\Local\Programs\MiKTeX\tex/generic/pgfplots/liststruct
ure\pgfplotsdeque.code.tex)
(C:\Users\y.gonos\AppData\Local\Programs\MiKTeX\tex/generic/pgfplots/util\pgfpl
otsbinary.code.tex
(C:\Users\y.gonos\AppData\Local\Programs\MiKTeX\tex/generic/pgfplots/util\pgfpl
otsbinary.data.code.tex))
(C:\Users\y.gonos\AppData\Local\Programs\MiKTeX\tex/generic/pgfplots/util\pgfpl
otsutil.verb.code.tex)
(C:\Users\y.gonos\AppData\Local\Programs\MiKTeX\tex/generic/pgfplots/libs\pgfli
brarypgfplots.surfshading.code.tex
(C:\Users\y.gonos\AppData\Local\Programs\MiKTeX\tex/generic/pgfplots/sys\pgflib
rarypgfplots.surfshading.pgfsys-pdftex.def)))
(C:\Users\y.gonos\AppData\Local\Programs\MiKTeX\tex/generic/pgfplots/util\pgfpl
otscolormap.code.tex
(C:\Users\y.gonos\AppData\Local\Programs\MiKTeX\tex/generic/pgfplots/util\pgfpl
otscolor.code.tex))
(C:\Users\y.gonos\AppData\Local\Programs\MiKTeX\tex/generic/pgfplots\pgfplotsst
ackedplots.code.tex)
(C:\Users\y.gonos\AppData\Local\Programs\MiKTeX\tex/generic/pgfplots\pgfplotspl
othandlers.code.tex
(C:\Users\y.gonos\AppData\Local\Programs\MiKTeX\tex/generic/pgfplots\pgfplotsme
shplothandler.code.tex
(C:\Users\y.gonos\AppData\Local\Programs\MiKTeX\tex/generic/pgfplots\pgfplotsme
shplotimage.code.tex)))
(C:\Users\y.gonos\AppData\Local\Programs\MiKTeX\tex/generic/pgfplots\pgfplots.s
caling.code.tex)
(C:\Users\y.gonos\AppData\Local\Programs\MiKTeX\tex/generic/pgfplots\pgfplotsco
ordprocessing.code.tex)
(C:\Users\y.gonos\AppData\Local\Programs\MiKTeX\tex/generic/pgfplots\pgfplots.e
rrorbars.code.tex)
(C:\Users\y.gonos\AppData\Local\Programs\MiKTeX\tex/generic/pgfplots\pgfplots.m
arkers.code.tex)
(C:\Users\y.gonos\AppData\Local\Programs\MiKTeX\tex/generic/pgfplots\pgfplotsti
cks.code.tex)
(C:\Users\y.gonos\AppData\Local\Programs\MiKTeX\tex/generic/pgfplots\pgfplots.p
aths.code.tex)
(C:\Users\y.gonos\AppData\Local\Programs\MiKTeX\tex/generic/pgf/frontendlayer/t
ikz/libraries\tikzlibrarydecorations.code.tex
(C:\Users\y.gonos\AppData\Local\Programs\MiKTeX\tex/generic/pgf/modules\pgfmodu
ledecorations.code.tex))
(C:\Users\y.gonos\AppData\Local\Programs\MiKTeX\tex/generic/pgf/frontendlayer/t
ikz/libraries\tikzlibrarydecorations.pathmorphing.code.tex
(C:\Users\y.gonos\AppData\Local\Programs\MiKTeX\tex/generic/pgf/libraries/decor
ations\pgflibrarydecorations.pathmorphing.code.tex))
(C:\Users\y.gonos\AppData\Local\Programs\MiKTeX\tex/generic/pgf/frontendlayer/t
ikz/libraries\tikzlibrarydecorations.pathreplacing.code.tex
(C:\Users\y.gonos\AppData\Local\Programs\MiKTeX\tex/generic/pgf/libraries/decor
ations\pgflibrarydecorations.pathreplacing.code.tex))
(C:\Users\y.gonos\AppData\Local\Programs\MiKTeX\tex/generic/pgfplots/libs\tikzl
ibrarypgfplots.contourlua.code.tex))
(C:\Users\y.gonos\AppData\Local\Programs\MiKTeX\tex/generic/pgf/frontendlayer/t
ikz/libraries\tikzlibraryplotmarks.code.tex
(C:\Users\y.gonos\AppData\Local\Programs\MiKTeX\tex/generic/pgf/libraries\pgfli
braryplotmarks.code.tex)))
(C:\Users\y.gonos\AppData\Local\Programs\MiKTeX\tex/latex/microtype\microtype.s
ty
(C:\Users\y.gonos\AppData\Local\Programs\MiKTeX\tex/latex/microtype\microtype-p
dftex.def)
(C:\Users\y.gonos\AppData\Local\Programs\MiKTeX\tex/latex/microtype\microtype.c
fg))
(C:\Users\y.gonos\AppData\Local\Programs\MiKTeX\tex/latex/base\textcomp.sty)
(C:\Users\y.gonos\AppData\Local\Programs\MiKTeX\tex/latex/amsmath\amsmath.sty
For additional information on amsmath, use the `?' option.
(C:\Users\y.gonos\AppData\Local\Programs\MiKTeX\tex/latex/amsmath\amstext.sty
(C:\Users\y.gonos\AppData\Local\Programs\MiKTeX\tex/latex/amsmath\amsgen.sty))
(C:\Users\y.gonos\AppData\Local\Programs\MiKTeX\tex/latex/amsmath\amsbsy.sty)
(C:\Users\y.gonos\AppData\Local\Programs\MiKTeX\tex/latex/amsmath\amsopn.sty))
(C:\Users\y.gonos\AppData\Local\Programs\MiKTeX\tex/latex/fancyhdr\fancyhdr.sty
)
(C:\Users\y.gonos\AppData\Local\Programs\MiKTeX\tex/latex/booktabs\booktabs.sty
) (C:\Users\y.gonos\AppData\Local\Programs\MiKTeX\tex/latex/tools\tabularx.sty
(C:\Users\y.gonos\AppData\Local\Programs\MiKTeX\tex/latex/tools\array.sty))
(C:\Users\y.gonos\AppData\Local\Programs\MiKTeX\tex/latex/tools\longtable.sty)
(C:\Users\y.gonos\AppData\Local\Programs\MiKTeX\tex/latex/multirow\multirow.sty
)
(C:\Users\y.gonos\AppData\Local\Programs\MiKTeX\tex/latex/enumitem\enumitem.sty
)
(C:\Users\y.gonos\AppData\Local\Programs\MiKTeX\tex/latex/biblatex\biblatex.sty

(C:\Users\y.gonos\AppData\Local\Programs\MiKTeX\tex/generic/pdftexcmds\pdftexcm
ds.sty
(C:\Users\y.gonos\AppData\Local\Programs\MiKTeX\tex/generic/infwarerr\infwarerr
.sty))
(C:\Users\y.gonos\AppData\Local\Programs\MiKTeX\tex/latex/logreq\logreq.sty
(C:\Users\y.gonos\AppData\Local\Programs\MiKTeX\tex/latex/logreq\logreq.def))
(C:\Users\y.gonos\AppData\Local\Programs\MiKTeX\tex/latex/base\ifthen.sty)
(C:\Users\y.gonos\AppData\Local\Programs\MiKTeX\tex/latex/url\url.sty)
(C:\Users\y.gonos\AppData\Local\Programs\MiKTeX\tex/latex/biblatex\blx-dm.def)
(C:\Users\y.gonos\AppData\Local\Programs\MiKTeX\tex/latex/biblatex\blx-compat.d
ef)
(C:\Users\y.gonos\AppData\Local\Programs\MiKTeX\tex/latex/biblatex\biblatex.def
)
(C:\Users\y.gonos\AppData\Local\Programs\MiKTeX\tex/latex/biblatex/bbx\numeric.
bbx
(C:\Users\y.gonos\AppData\Local\Programs\MiKTeX\tex/latex/biblatex/bbx\standard
.bbx))
(C:\Users\y.gonos\AppData\Local\Programs\MiKTeX\tex/latex/biblatex/cbx\numeric.
cbx)
(C:\Users\y.gonos\AppData\Local\Programs\MiKTeX\tex/latex/biblatex\biblatex.cfg
) (C:\Users\y.gonos\AppData\Local\Programs\MiKTeX\tex/latex/l3kernel\expl3.sty
(C:\Users\y.gonos\AppData\Local\Programs\MiKTeX\tex/latex/l3backend\l3backend-p
dftex.def))
(C:\Users\y.gonos\AppData\Local\Programs\MiKTeX\tex/latex/biblatex\blx-case-exp
l3.sty
(C:\Users\y.gonos\AppData\Local\Programs\MiKTeX\tex/latex/l3packages/xparse\xpa
rse.sty)))
(C:\Users\y.gonos\AppData\Local\Programs\MiKTeX\tex/latex/hyperref\hyperref.sty

(C:\Users\y.gonos\AppData\Local\Programs\MiKTeX\tex/generic/kvdefinekeys\kvdefi
nekeys.sty)
(C:\Users\y.gonos\AppData\Local\Programs\MiKTeX\tex/generic/pdfescape\pdfescape
.sty)
(C:\Users\y.gonos\AppData\Local\Programs\MiKTeX\tex/latex/hycolor\hycolor.sty)
(C:\Users\y.gonos\AppData\Local\Programs\MiKTeX\tex/latex/hyperref\nameref.sty
(C:\Users\y.gonos\AppData\Local\Programs\MiKTeX\tex/latex/refcount\refcount.sty
)
(C:\Users\y.gonos\AppData\Local\Programs\MiKTeX\tex/generic/gettitlestring\gett
itlestring.sty))
(C:\Users\y.gonos\AppData\Local\Programs\MiKTeX\tex/generic/stringenc\stringenc
.sty)
(C:\Users\y.gonos\AppData\Local\Programs\MiKTeX\tex/latex/hyperref\pd1enc.def)
(C:\Users\y.gonos\AppData\Local\Programs\MiKTeX\tex/generic/intcalc\intcalc.sty
) (C:\Users\y.gonos\AppData\Local\Programs\MiKTeX\tex/latex/hyperref\puenc.def)
(C:\Users\y.gonos\AppData\Local\Programs\MiKTeX\tex/generic/bitset\bitset.sty
(C:\Users\y.gonos\AppData\Local\Programs\MiKTeX\tex/generic/bigintcalc\bigintca
lc.sty)))
(C:\Users\y.gonos\AppData\Local\Programs\MiKTeX\tex/latex/hyperref\hpdftex.def
(C:\Users\y.gonos\AppData\Local\Programs\MiKTeX\tex/latex/rerunfilecheck\rerunf
ilecheck.sty
(C:\Users\y.gonos\AppData\Local\Programs\MiKTeX\tex/generic/uniquecounter\uniqu
ecounter.sty)))
(C:\Users\y.gonos\AppData\Local\Programs\MiKTeX\tex/latex/xurl\xurl.sty
xurl: Set penalties for biblatex
) (C:\Users\y.gonos\AppData\Local\Programs\MiKTeX\tex/latex/lm\t1lmr.fd)
(main.aux)
*geometry* driver: auto-detecting
*geometry* detected driver: pdftex

(C:\Users\y.gonos\AppData\Local\Programs\MiKTeX\tex/context/base/mkii\supp-pdf.
mkii
[Loading MPS to PDF converter (version 2006.09.02).]
)
(C:\Users\y.gonos\AppData\Local\Programs\MiKTeX\tex/latex/epstopdf-pkg\epstopdf
-base.sty
(C:\Users\y.gonos\AppData\Local\Programs\MiKTeX\tex/latex/00miktex\epstopdf-sys
.cfg))
Package pgfplots notification 'compat/show suggested version=true': document ha
s been generated with the most recent feature set (\pgfplotsset{compat=1.18}).

(C:\Users\y.gonos\AppData\Local\Programs\MiKTeX\tex/latex/microtype\mt-cmr.cfg)

(C:\Users\y.gonos\AppData\Local\Programs\MiKTeX\tex/latex/biblatex/lbx\french.l
bx) (main.bbl) (main.out) (main.out)
(C:\Users\y.gonos\AppData\Local\Programs\MiKTeX\tex/latex/lm\ot1lmr.fd)
(C:\Users\y.gonos\AppData\Local\Programs\MiKTeX\tex/latex/lm\omllmm.fd)
(C:\Users\y.gonos\AppData\Local\Programs\MiKTeX\tex/latex/lm\omslmsy.fd)
(C:\Users\y.gonos\AppData\Local\Programs\MiKTeX\tex/latex/lm\omxlmex.fd)
[1{C:/Users/y.gonos/AppData/Local/MiKTeX/fonts/map/pdftex/pdftex.map}{C:/Users/
y.gonos/AppData/Local/Programs/MiKTeX/fonts/enc/dvips/lm/lm-ec.enc} <./images/l
ogo_3il_ingenieurs.png> <./images/iveco_logo.jpg>] [2] (main.toc) [3]
(sections/acronymes.tex) [4] (sections/entreprise.tex
(C:\Users\y.gonos\AppData\Local\Programs\MiKTeX\tex/latex/lm\ts1lmr.fd)
[5{C:/Users/y.gonos/AppData/Local/Programs/MiKTeX/fonts/enc/dvips/lm/lm-ts1.enc
}] [6]) (sections/introduction.tex [7]) (sections/gouvernance.tex [8{C:/Users/y
.gonos/AppData/Local/Programs/MiKTeX/fonts/enc/dvips/lm/lm-rm.enc}] [9{C:/Users
/y.gonos/AppData/Local/Programs/MiKTeX/fonts/enc/dvips/lm/lm-mathit.enc}]
[10]) (sections/social.tex [11] [12] [13]) (sections/numerique.tex [14]
[15] [16]) [17] (sections/conclusion.tex) [18] (sections/glossaire.tex [19])
[20] (C:\Users\y.gonos\AppData\Local\Programs\MiKTeX\tex/latex/lm\t1lmtt.fd)
[21] (main.aux) )<C:/Users/y.gonos/AppData/Local/Programs/MiKTeX/fonts/type1/pu
blic/lm/lmbx10.pfb><C:/Users/y.gonos/AppData/Local/Programs/MiKTeX/fonts/type1/
public/lm/lmbx12.pfb><C:/Users/y.gonos/AppData/Local/Programs/MiKTeX/fonts/type
1/public/lm/lmcsc10.pfb><C:/Users/y.gonos/AppData/Local/Programs/MiKTeX/fonts/t
ype1/public/lm/lmmi12.pfb><C:/Users/y.gonos/AppData/Local/Programs/MiKTeX/fonts
/type1/public/lm/lmr10.pfb><C:/Users/y.gonos/AppData/Local/Programs/MiKTeX/font
s/type1/public/lm/lmr12.pfb><C:/Users/y.gonos/AppData/Local/Programs/MiKTeX/fon
ts/type1/public/lm/lmr6.pfb><C:/Users/y.gonos/AppData/Local/Programs/MiKTeX/fon
ts/type1/public/lm/lmr7.pfb><C:/Users/y.gonos/AppData/Local/Programs/MiKTeX/fon
ts/type1/public/lm/lmr8.pfb><C:/Users/y.gonos/AppData/Local/Programs/MiKTeX/fon
ts/type1/public/lm/lmri10.pfb><C:/Users/y.gonos/AppData/Local/Programs/MiKTeX/f
onts/type1/public/lm/lmri12.pfb><C:/Users/y.gonos/AppData/Local/Programs/MiKTeX
/fonts/type1/public/lm/lmri8.pfb><C:/Users/y.gonos/AppData/Local/Programs/MiKTe
X/fonts/type1/public/lm/lmtt12.pfb>
Output written on main.pdf (21 pages, 481246 bytes).
Transcript written on main.log.
pdflatex: major issue: So far, you have not checked for MiKTeX updates.
This is pdfTeX, Version 3.141592653-2.6-1.40.29 (MiKTeX 26.5) (preloaded format=pdflatex.fmt)
 restricted \write18 enabled.
entering extended mode
(main.tex
LaTeX2e <2026-06-01>
L3 programming layer <2026-06-18>
(C:\Users\y.gonos\AppData\Local\Programs\MiKTeX\tex/latex/base\article.cls
Document Class: article 2025/01/22 v1.4n Standard LaTeX document class
(C:\Users\y.gonos\AppData\Local\Programs\MiKTeX\tex/latex/base\size12.clo))
(C:\Users\y.gonos\AppData\Local\Programs\MiKTeX\tex/latex/base\inputenc.sty)
(C:\Users\y.gonos\AppData\Local\Programs\MiKTeX\tex/latex/base\fontenc.sty)
(C:\Users\y.gonos\AppData\Local\Programs\MiKTeX\tex/generic/babel\babel.sty
(C:\Users\y.gonos\AppData\Local\Programs\MiKTeX\tex/generic/babel\txtbabel.def)
*************************************
* Local config file bblopts.cfg used
*
(C:\Users\y.gonos\AppData\Local\Programs\MiKTeX\tex/latex/arabi\bblopts.cfg)
(C:\Users\y.gonos\AppData\Local\Programs\MiKTeX\tex/generic/babel/locale/fr\bab
el-french.tex)
(C:\Users\y.gonos\AppData\Local\Programs\MiKTeX\tex/generic/babel-french\french
.ldf
(C:\Users\y.gonos\AppData\Local\Programs\MiKTeX\tex/generic/babel-french\french
3.ldf)))
(C:\Users\y.gonos\AppData\Local\Programs\MiKTeX\tex/latex/carlisle\scalefnt.sty
)
(C:\Users\y.gonos\AppData\Local\Programs\MiKTeX\tex/latex/csquotes\csquotes.sty

(C:\Users\y.gonos\AppData\Local\Programs\MiKTeX\tex/latex/etoolbox\etoolbox.sty
) (C:\Users\y.gonos\AppData\Local\Programs\MiKTeX\tex/latex/graphics\keyval.sty
)
(C:\Users\y.gonos\AppData\Local\Programs\MiKTeX\tex/latex/csquotes\csquotes.def
)
(C:\Users\y.gonos\AppData\Local\Programs\MiKTeX\tex/latex/csquotes\csquotes.cfg
)) (C:\Users\y.gonos\AppData\Local\Programs\MiKTeX\tex/latex/lm\lmodern.sty)
(C:\Users\y.gonos\AppData\Local\Programs\MiKTeX\tex/latex/geometry\geometry.sty
(C:\Users\y.gonos\AppData\Local\Programs\MiKTeX\tex/generic/iftex\ifvtex.sty
(C:\Users\y.gonos\AppData\Local\Programs\MiKTeX\tex/generic/iftex\iftex.sty))
(C:\Users\y.gonos\AppData\Local\Programs\MiKTeX\tex/latex/geometry\geometry.cfg
))
(C:\Users\y.gonos\AppData\Local\Programs\MiKTeX\tex/latex/setspace\setspace.sty
) (C:\Users\y.gonos\AppData\Local\Programs\MiKTeX\tex/latex/parskip\parskip.sty

(C:\Users\y.gonos\AppData\Local\Programs\MiKTeX\tex/latex/kvoptions\kvoptions.s
ty
(C:\Users\y.gonos\AppData\Local\Programs\MiKTeX\tex/generic/ltxcmds\ltxcmds.sty
)
(C:\Users\y.gonos\AppData\Local\Programs\MiKTeX\tex/latex/kvsetkeys\kvsetkeys.s
ty)))
(C:\Users\y.gonos\AppData\Local\Programs\MiKTeX\tex/latex/pgf/frontendlayer\tik
z.sty
(C:\Users\y.gonos\AppData\Local\Programs\MiKTeX\tex/latex/pgf/basiclayer\pgf.st
y
(C:\Users\y.gonos\AppData\Local\Programs\MiKTeX\tex/latex/pgf/utilities\pgfrcs.
sty
(C:\Users\y.gonos\AppData\Local\Programs\MiKTeX\tex/generic/pgf/utilities\pgfut
il-common.tex)
(C:\Users\y.gonos\AppData\Local\Programs\MiKTeX\tex/generic/pgf/utilities\pgfut
il-latex.def)
(C:\Users\y.gonos\AppData\Local\Programs\MiKTeX\tex/generic/pgf/utilities\pgfrc
s.code.tex
(C:\Users\y.gonos\AppData\Local\Programs\MiKTeX\tex/generic/pgf\pgf.revision.te
x)))
(C:\Users\y.gonos\AppData\Local\Programs\MiKTeX\tex/latex/pgf/basiclayer\pgfcor
e.sty
(C:\Users\y.gonos\AppData\Local\Programs\MiKTeX\tex/latex/graphics\graphicx.sty

(C:\Users\y.gonos\AppData\Local\Programs\MiKTeX\tex/latex/graphics\graphics.sty
(C:\Users\y.gonos\AppData\Local\Programs\MiKTeX\tex/latex/graphics\trig.sty)
(C:\Users\y.gonos\AppData\Local\Programs\MiKTeX\tex/latex/graphics-cfg\graphics
.cfg)
(C:\Users\y.gonos\AppData\Local\Programs\MiKTeX\tex/latex/graphics-def\pdftex.d
ef)))
(C:\Users\y.gonos\AppData\Local\Programs\MiKTeX\tex/latex/pgf/systemlayer\pgfsy
s.sty
(C:\Users\y.gonos\AppData\Local\Programs\MiKTeX\tex/generic/pgf/systemlayer\pgf
sys.code.tex
(C:\Users\y.gonos\AppData\Local\Programs\MiKTeX\tex/generic/pgf/utilities\pgfke
ys.code.tex
(C:\Users\y.gonos\AppData\Local\Programs\MiKTeX\tex/generic/pgf/utilities\pgfke
yslibraryfiltered.code.tex))
(C:\Users\y.gonos\AppData\Local\Programs\MiKTeX\tex/generic/pgf/systemlayer\pgf
.cfg)
(C:\Users\y.gonos\AppData\Local\Programs\MiKTeX\tex/generic/pgf/systemlayer\pgf
sys-pdftex.def
(C:\Users\y.gonos\AppData\Local\Programs\MiKTeX\tex/generic/pgf/systemlayer\pgf
sys-common-pdf.def)))
(C:\Users\y.gonos\AppData\Local\Programs\MiKTeX\tex/generic/pgf/systemlayer\pgf
syssoftpath.code.tex)
(C:\Users\y.gonos\AppData\Local\Programs\MiKTeX\tex/generic/pgf/systemlayer\pgf
sysprotocol.code.tex))
(C:\Users\y.gonos\AppData\Local\Programs\MiKTeX\tex/latex/xcolor\xcolor.sty
(C:\Users\y.gonos\AppData\Local\Programs\MiKTeX\tex/latex/graphics-cfg\color.cf
g)
(C:\Users\y.gonos\AppData\Local\Programs\MiKTeX\tex/latex/graphics\mathcolor.lt
x))
(C:\Users\y.gonos\AppData\Local\Programs\MiKTeX\tex/generic/pgf/basiclayer\pgfc
ore.code.tex
(C:\Users\y.gonos\AppData\Local\Programs\MiKTeX\tex/generic/pgf/math\pgfmath.co
de.tex
(C:\Users\y.gonos\AppData\Local\Programs\MiKTeX\tex/generic/pgf/math\pgfmathuti
l.code.tex)
(C:\Users\y.gonos\AppData\Local\Programs\MiKTeX\tex/generic/pgf/math\pgfmathpar
ser.code.tex)
(C:\Users\y.gonos\AppData\Local\Programs\MiKTeX\tex/generic/pgf/math\pgfmathfun
ctions.code.tex)
(C:\Users\y.gonos\AppData\Local\Programs\MiKTeX\tex/generic/pgf/math\pgfmathfun
ctions.basic.code.tex)
(C:\Users\y.gonos\AppData\Local\Programs\MiKTeX\tex/generic/pgf/math\pgfmathfun
ctions.trigonometric.code.tex)
(C:\Users\y.gonos\AppData\Local\Programs\MiKTeX\tex/generic/pgf/math\pgfmathfun
ctions.random.code.tex)
(C:\Users\y.gonos\AppData\Local\Programs\MiKTeX\tex/generic/pgf/math\pgfmathfun
ctions.comparison.code.tex)
(C:\Users\y.gonos\AppData\Local\Programs\MiKTeX\tex/generic/pgf/math\pgfmathfun
ctions.base.code.tex)
(C:\Users\y.gonos\AppData\Local\Programs\MiKTeX\tex/generic/pgf/math\pgfmathfun
ctions.round.code.tex)
(C:\Users\y.gonos\AppData\Local\Programs\MiKTeX\tex/generic/pgf/math\pgfmathfun
ctions.misc.code.tex)
(C:\Users\y.gonos\AppData\Local\Programs\MiKTeX\tex/generic/pgf/math\pgfmathfun
ctions.integerarithmetics.code.tex)
(C:\Users\y.gonos\AppData\Local\Programs\MiKTeX\tex/generic/pgf/math\pgfmathcal
c.code.tex)
(C:\Users\y.gonos\AppData\Local\Programs\MiKTeX\tex/generic/pgf/math\pgfmathflo
at.code.tex))
(C:\Users\y.gonos\AppData\Local\Programs\MiKTeX\tex/generic/pgf/math\pgfint.cod
e.tex)
(C:\Users\y.gonos\AppData\Local\Programs\MiKTeX\tex/generic/pgf/basiclayer\pgfc
orepoints.code.tex)
(C:\Users\y.gonos\AppData\Local\Programs\MiKTeX\tex/generic/pgf/basiclayer\pgfc
orepathconstruct.code.tex)
(C:\Users\y.gonos\AppData\Local\Programs\MiKTeX\tex/generic/pgf/basiclayer\pgfc
orepathusage.code.tex)
(C:\Users\y.gonos\AppData\Local\Programs\MiKTeX\tex/generic/pgf/basiclayer\pgfc
orescopes.code.tex)
(C:\Users\y.gonos\AppData\Local\Programs\MiKTeX\tex/generic/pgf/basiclayer\pgfc
oregraphicstate.code.tex)
(C:\Users\y.gonos\AppData\Local\Programs\MiKTeX\tex/generic/pgf/basiclayer\pgfc
oretransformations.code.tex)
(C:\Users\y.gonos\AppData\Local\Programs\MiKTeX\tex/generic/pgf/basiclayer\pgfc
orequick.code.tex)
(C:\Users\y.gonos\AppData\Local\Programs\MiKTeX\tex/generic/pgf/basiclayer\pgfc
oreobjects.code.tex)
(C:\Users\y.gonos\AppData\Local\Programs\MiKTeX\tex/generic/pgf/basiclayer\pgfc
orepathprocessing.code.tex)
(C:\Users\y.gonos\AppData\Local\Programs\MiKTeX\tex/generic/pgf/basiclayer\pgfc
orearrows.code.tex)
(C:\Users\y.gonos\AppData\Local\Programs\MiKTeX\tex/generic/pgf/basiclayer\pgfc
oreshade.code.tex)
(C:\Users\y.gonos\AppData\Local\Programs\MiKTeX\tex/generic/pgf/basiclayer\pgfc
oreimage.code.tex)
(C:\Users\y.gonos\AppData\Local\Programs\MiKTeX\tex/generic/pgf/basiclayer\pgfc
oreexternal.code.tex)
(C:\Users\y.gonos\AppData\Local\Programs\MiKTeX\tex/generic/pgf/basiclayer\pgfc
orelayers.code.tex)
(C:\Users\y.gonos\AppData\Local\Programs\MiKTeX\tex/generic/pgf/basiclayer\pgfc
oretransparency.code.tex)
(C:\Users\y.gonos\AppData\Local\Programs\MiKTeX\tex/generic/pgf/basiclayer\pgfc
orepatterns.code.tex)
(C:\Users\y.gonos\AppData\Local\Programs\MiKTeX\tex/generic/pgf/basiclayer\pgfc
orerdf.code.tex)))
(C:\Users\y.gonos\AppData\Local\Programs\MiKTeX\tex/generic/pgf/modules\pgfmodu
leshapes.code.tex)
(C:\Users\y.gonos\AppData\Local\Programs\MiKTeX\tex/generic/pgf/modules\pgfmodu
leplot.code.tex)
(C:\Users\y.gonos\AppData\Local\Programs\MiKTeX\tex/latex/pgf/compatibility\pgf
comp-version-0-65.sty)
(C:\Users\y.gonos\AppData\Local\Programs\MiKTeX\tex/latex/pgf/compatibility\pgf
comp-version-1-18.sty))
(C:\Users\y.gonos\AppData\Local\Programs\MiKTeX\tex/latex/pgf/utilities\pgffor.
sty
(C:\Users\y.gonos\AppData\Local\Programs\MiKTeX\tex/latex/pgf/utilities\pgfkeys
.sty
(C:\Users\y.gonos\AppData\Local\Programs\MiKTeX\tex/generic/pgf/utilities\pgfke
ys.code.tex))
(C:\Users\y.gonos\AppData\Local\Programs\MiKTeX\tex/latex/pgf/math\pgfmath.sty
(C:\Users\y.gonos\AppData\Local\Programs\MiKTeX\tex/generic/pgf/math\pgfmath.co
de.tex))
(C:\Users\y.gonos\AppData\Local\Programs\MiKTeX\tex/generic/pgf/utilities\pgffo
r.code.tex))
(C:\Users\y.gonos\AppData\Local\Programs\MiKTeX\tex/generic/pgf/frontendlayer/t
ikz\tikz.code.tex
(C:\Users\y.gonos\AppData\Local\Programs\MiKTeX\tex/generic/pgf/libraries\pgfli
braryplothandlers.code.tex)
(C:\Users\y.gonos\AppData\Local\Programs\MiKTeX\tex/generic/pgf/modules\pgfmodu
lematrix.code.tex)
(C:\Users\y.gonos\AppData\Local\Programs\MiKTeX\tex/generic/pgf/frontendlayer/t
ikz/libraries\tikzlibrarytopaths.code.tex)))
(C:\Users\y.gonos\AppData\Local\Programs\MiKTeX\tex/generic/pgf/frontendlayer/t
ikz/libraries\tikzlibrarypositioning.code.tex)
(C:\Users\y.gonos\AppData\Local\Programs\MiKTeX\tex/generic/pgf/frontendlayer/t
ikz/libraries\tikzlibraryshapes.geometric.code.tex
(C:\Users\y.gonos\AppData\Local\Programs\MiKTeX\tex/generic/pgf/libraries/shape
s\pgflibraryshapes.geometric.code.tex))
(C:\Users\y.gonos\AppData\Local\Programs\MiKTeX\tex/generic/pgf/libraries\pgfli
braryarrows.meta.code.tex)
(C:\Users\y.gonos\AppData\Local\Programs\MiKTeX\tex/generic/pgf/frontendlayer/t
ikz/libraries\tikzlibrarycalc.code.tex)
(C:\Users\y.gonos\AppData\Local\Programs\MiKTeX\tex/latex/pgfplots\pgfplots.sty

(C:\Users\y.gonos\AppData\Local\Programs\MiKTeX\tex/generic/pgfplots\pgfplots.r
evision.tex)
(C:\Users\y.gonos\AppData\Local\Programs\MiKTeX\tex/generic/pgfplots\pgfplots.c
ode.tex
(C:\Users\y.gonos\AppData\Local\Programs\MiKTeX\tex/generic/pgfplots\pgfplotsco
re.code.tex
(C:\Users\y.gonos\AppData\Local\Programs\MiKTeX\tex/generic/pgfplots/sys\pgfplo
tssysgeneric.code.tex))
(C:\Users\y.gonos\AppData\Local\Programs\MiKTeX\tex/generic/pgfplots/libs\pgfpl
otslibrary.code.tex)
(C:\Users\y.gonos\AppData\Local\Programs\MiKTeX\tex/generic/pgfplots/oldpgfcomp
atib\pgfplotsoldpgfsupp_loader.code.tex
(C:\Users\y.gonos\AppData\Local\Programs\MiKTeX\tex/generic/pgf/libraries\pgfli
braryfpu.code.tex)
Package pgfplots: loading complementary utilities for your pgf version...

(C:\Users\y.gonos\AppData\Local\Programs\MiKTeX\tex/generic/pgfplots/oldpgfcomp
atib\pgfplotsoldpgfsupp_pgfutil-common-lists.tex))
(C:\Users\y.gonos\AppData\Local\Programs\MiKTeX\tex/generic/pgfplots/util\pgfpl
otsutil.code.tex
(C:\Users\y.gonos\AppData\Local\Programs\MiKTeX\tex/generic/pgfplots/liststruct
ure\pgfplotsliststructure.code.tex)
(C:\Users\y.gonos\AppData\Local\Programs\MiKTeX\tex/generic/pgfplots/liststruct
ure\pgfplotsliststructureext.code.tex)
(C:\Users\y.gonos\AppData\Local\Programs\MiKTeX\tex/generic/pgfplots/liststruct
ure\pgfplotsarray.code.tex)
(C:\Users\y.gonos\AppData\Local\Programs\MiKTeX\tex/generic/pgfplots/liststruct
ure\pgfplotsmatrix.code.tex)
(C:\Users\y.gonos\AppData\Local\Programs\MiKTeX\tex/generic/pgfplots/numtable\p
gfplotstableshared.code.tex)
(C:\Users\y.gonos\AppData\Local\Programs\MiKTeX\tex/generic/pgfplots/liststruct
ure\pgfplotsdeque.code.tex)
(C:\Users\y.gonos\AppData\Local\Programs\MiKTeX\tex/generic/pgfplots/util\pgfpl
otsbinary.code.tex
(C:\Users\y.gonos\AppData\Local\Programs\MiKTeX\tex/generic/pgfplots/util\pgfpl
otsbinary.data.code.tex))
(C:\Users\y.gonos\AppData\Local\Programs\MiKTeX\tex/generic/pgfplots/util\pgfpl
otsutil.verb.code.tex)
(C:\Users\y.gonos\AppData\Local\Programs\MiKTeX\tex/generic/pgfplots/libs\pgfli
brarypgfplots.surfshading.code.tex
(C:\Users\y.gonos\AppData\Local\Programs\MiKTeX\tex/generic/pgfplots/sys\pgflib
rarypgfplots.surfshading.pgfsys-pdftex.def)))
(C:\Users\y.gonos\AppData\Local\Programs\MiKTeX\tex/generic/pgfplots/util\pgfpl
otscolormap.code.tex
(C:\Users\y.gonos\AppData\Local\Programs\MiKTeX\tex/generic/pgfplots/util\pgfpl
otscolor.code.tex))
(C:\Users\y.gonos\AppData\Local\Programs\MiKTeX\tex/generic/pgfplots\pgfplotsst
ackedplots.code.tex)
(C:\Users\y.gonos\AppData\Local\Programs\MiKTeX\tex/generic/pgfplots\pgfplotspl
othandlers.code.tex
(C:\Users\y.gonos\AppData\Local\Programs\MiKTeX\tex/generic/pgfplots\pgfplotsme
shplothandler.code.tex
(C:\Users\y.gonos\AppData\Local\Programs\MiKTeX\tex/generic/pgfplots\pgfplotsme
shplotimage.code.tex)))
(C:\Users\y.gonos\AppData\Local\Programs\MiKTeX\tex/generic/pgfplots\pgfplots.s
caling.code.tex)
(C:\Users\y.gonos\AppData\Local\Programs\MiKTeX\tex/generic/pgfplots\pgfplotsco
ordprocessing.code.tex)
(C:\Users\y.gonos\AppData\Local\Programs\MiKTeX\tex/generic/pgfplots\pgfplots.e
rrorbars.code.tex)
(C:\Users\y.gonos\AppData\Local\Programs\MiKTeX\tex/generic/pgfplots\pgfplots.m
arkers.code.tex)
(C:\Users\y.gonos\AppData\Local\Programs\MiKTeX\tex/generic/pgfplots\pgfplotsti
cks.code.tex)
(C:\Users\y.gonos\AppData\Local\Programs\MiKTeX\tex/generic/pgfplots\pgfplots.p
aths.code.tex)
(C:\Users\y.gonos\AppData\Local\Programs\MiKTeX\tex/generic/pgf/frontendlayer/t
ikz/libraries\tikzlibrarydecorations.code.tex
(C:\Users\y.gonos\AppData\Local\Programs\MiKTeX\tex/generic/pgf/modules\pgfmodu
ledecorations.code.tex))
(C:\Users\y.gonos\AppData\Local\Programs\MiKTeX\tex/generic/pgf/frontendlayer/t
ikz/libraries\tikzlibrarydecorations.pathmorphing.code.tex
(C:\Users\y.gonos\AppData\Local\Programs\MiKTeX\tex/generic/pgf/libraries/decor
ations\pgflibrarydecorations.pathmorphing.code.tex))
(C:\Users\y.gonos\AppData\Local\Programs\MiKTeX\tex/generic/pgf/frontendlayer/t
ikz/libraries\tikzlibrarydecorations.pathreplacing.code.tex
(C:\Users\y.gonos\AppData\Local\Programs\MiKTeX\tex/generic/pgf/libraries/decor
ations\pgflibrarydecorations.pathreplacing.code.tex))
(C:\Users\y.gonos\AppData\Local\Programs\MiKTeX\tex/generic/pgfplots/libs\tikzl
ibrarypgfplots.contourlua.code.tex))
(C:\Users\y.gonos\AppData\Local\Programs\MiKTeX\tex/generic/pgf/frontendlayer/t
ikz/libraries\tikzlibraryplotmarks.code.tex
(C:\Users\y.gonos\AppData\Local\Programs\MiKTeX\tex/generic/pgf/libraries\pgfli
braryplotmarks.code.tex)))
(C:\Users\y.gonos\AppData\Local\Programs\MiKTeX\tex/latex/microtype\microtype.s
ty
(C:\Users\y.gonos\AppData\Local\Programs\MiKTeX\tex/latex/microtype\microtype-p
dftex.def)
(C:\Users\y.gonos\AppData\Local\Programs\MiKTeX\tex/latex/microtype\microtype.c
fg))
(C:\Users\y.gonos\AppData\Local\Programs\MiKTeX\tex/latex/base\textcomp.sty)
(C:\Users\y.gonos\AppData\Local\Programs\MiKTeX\tex/latex/amsmath\amsmath.sty
For additional information on amsmath, use the `?' option.
(C:\Users\y.gonos\AppData\Local\Programs\MiKTeX\tex/latex/amsmath\amstext.sty
(C:\Users\y.gonos\AppData\Local\Programs\MiKTeX\tex/latex/amsmath\amsgen.sty))
(C:\Users\y.gonos\AppData\Local\Programs\MiKTeX\tex/latex/amsmath\amsbsy.sty)
(C:\Users\y.gonos\AppData\Local\Programs\MiKTeX\tex/latex/amsmath\amsopn.sty))
(C:\Users\y.gonos\AppData\Local\Programs\MiKTeX\tex/latex/fancyhdr\fancyhdr.sty
)
(C:\Users\y.gonos\AppData\Local\Programs\MiKTeX\tex/latex/booktabs\booktabs.sty
) (C:\Users\y.gonos\AppData\Local\Programs\MiKTeX\tex/latex/tools\tabularx.sty
(C:\Users\y.gonos\AppData\Local\Programs\MiKTeX\tex/latex/tools\array.sty))
(C:\Users\y.gonos\AppData\Local\Programs\MiKTeX\tex/latex/tools\longtable.sty)
(C:\Users\y.gonos\AppData\Local\Programs\MiKTeX\tex/latex/multirow\multirow.sty
)
(C:\Users\y.gonos\AppData\Local\Programs\MiKTeX\tex/latex/enumitem\enumitem.sty
)
(C:\Users\y.gonos\AppData\Local\Programs\MiKTeX\tex/latex/biblatex\biblatex.sty

(C:\Users\y.gonos\AppData\Local\Programs\MiKTeX\tex/generic/pdftexcmds\pdftexcm
ds.sty
(C:\Users\y.gonos\AppData\Local\Programs\MiKTeX\tex/generic/infwarerr\infwarerr
.sty))
(C:\Users\y.gonos\AppData\Local\Programs\MiKTeX\tex/latex/logreq\logreq.sty
(C:\Users\y.gonos\AppData\Local\Programs\MiKTeX\tex/latex/logreq\logreq.def))
(C:\Users\y.gonos\AppData\Local\Programs\MiKTeX\tex/latex/base\ifthen.sty)
(C:\Users\y.gonos\AppData\Local\Programs\MiKTeX\tex/latex/url\url.sty)
(C:\Users\y.gonos\AppData\Local\Programs\MiKTeX\tex/latex/biblatex\blx-dm.def)
(C:\Users\y.gonos\AppData\Local\Programs\MiKTeX\tex/latex/biblatex\blx-compat.d
ef)
(C:\Users\y.gonos\AppData\Local\Programs\MiKTeX\tex/latex/biblatex\biblatex.def
)
(C:\Users\y.gonos\AppData\Local\Programs\MiKTeX\tex/latex/biblatex/bbx\numeric.
bbx
(C:\Users\y.gonos\AppData\Local\Programs\MiKTeX\tex/latex/biblatex/bbx\standard
.bbx))
(C:\Users\y.gonos\AppData\Local\Programs\MiKTeX\tex/latex/biblatex/cbx\numeric.
cbx)
(C:\Users\y.gonos\AppData\Local\Programs\MiKTeX\tex/latex/biblatex\biblatex.cfg
) (C:\Users\y.gonos\AppData\Local\Programs\MiKTeX\tex/latex/l3kernel\expl3.sty
(C:\Users\y.gonos\AppData\Local\Programs\MiKTeX\tex/latex/l3backend\l3backend-p
dftex.def))
(C:\Users\y.gonos\AppData\Local\Programs\MiKTeX\tex/latex/biblatex\blx-case-exp
l3.sty
(C:\Users\y.gonos\AppData\Local\Programs\MiKTeX\tex/latex/l3packages/xparse\xpa
rse.sty)))
(C:\Users\y.gonos\AppData\Local\Programs\MiKTeX\tex/latex/hyperref\hyperref.sty

(C:\Users\y.gonos\AppData\Local\Programs\MiKTeX\tex/generic/kvdefinekeys\kvdefi
nekeys.sty)
(C:\Users\y.gonos\AppData\Local\Programs\MiKTeX\tex/generic/pdfescape\pdfescape
.sty)
(C:\Users\y.gonos\AppData\Local\Programs\MiKTeX\tex/latex/hycolor\hycolor.sty)
(C:\Users\y.gonos\AppData\Local\Programs\MiKTeX\tex/latex/hyperref\nameref.sty
(C:\Users\y.gonos\AppData\Local\Programs\MiKTeX\tex/latex/refcount\refcount.sty
)
(C:\Users\y.gonos\AppData\Local\Programs\MiKTeX\tex/generic/gettitlestring\gett
itlestring.sty))
(C:\Users\y.gonos\AppData\Local\Programs\MiKTeX\tex/generic/stringenc\stringenc
.sty)
(C:\Users\y.gonos\AppData\Local\Programs\MiKTeX\tex/latex/hyperref\pd1enc.def)
(C:\Users\y.gonos\AppData\Local\Programs\MiKTeX\tex/generic/intcalc\intcalc.sty
) (C:\Users\y.gonos\AppData\Local\Programs\MiKTeX\tex/latex/hyperref\puenc.def)
(C:\Users\y.gonos\AppData\Local\Programs\MiKTeX\tex/generic/bitset\bitset.sty
(C:\Users\y.gonos\AppData\Local\Programs\MiKTeX\tex/generic/bigintcalc\bigintca
lc.sty)))
(C:\Users\y.gonos\AppData\Local\Programs\MiKTeX\tex/latex/hyperref\hpdftex.def
(C:\Users\y.gonos\AppData\Local\Programs\MiKTeX\tex/latex/rerunfilecheck\rerunf
ilecheck.sty
(C:\Users\y.gonos\AppData\Local\Programs\MiKTeX\tex/generic/uniquecounter\uniqu
ecounter.sty)))
(C:\Users\y.gonos\AppData\Local\Programs\MiKTeX\tex/latex/xurl\xurl.sty
xurl: Set penalties for biblatex
) (C:\Users\y.gonos\AppData\Local\Programs\MiKTeX\tex/latex/lm\t1lmr.fd)
(main.aux)
*geometry* driver: auto-detecting
*geometry* detected driver: pdftex

(C:\Users\y.gonos\AppData\Local\Programs\MiKTeX\tex/context/base/mkii\supp-pdf.
mkii
[Loading MPS to PDF converter (version 2006.09.02).]
)
(C:\Users\y.gonos\AppData\Local\Programs\MiKTeX\tex/latex/epstopdf-pkg\epstopdf
-base.sty
(C:\Users\y.gonos\AppData\Local\Programs\MiKTeX\tex/latex/00miktex\epstopdf-sys
.cfg))
Package pgfplots notification 'compat/show suggested version=true': document ha
s been generated with the most recent feature set (\pgfplotsset{compat=1.18}).

(C:\Users\y.gonos\AppData\Local\Programs\MiKTeX\tex/latex/microtype\mt-cmr.cfg)

(C:\Users\y.gonos\AppData\Local\Programs\MiKTeX\tex/latex/biblatex/lbx\french.l
bx) (main.bbl) (main.out) (main.out)
(C:\Users\y.gonos\AppData\Local\Programs\MiKTeX\tex/latex/lm\ot1lmr.fd)
(C:\Users\y.gonos\AppData\Local\Programs\MiKTeX\tex/latex/lm\omllmm.fd)
(C:\Users\y.gonos\AppData\Local\Programs\MiKTeX\tex/latex/lm\omslmsy.fd)
(C:\Users\y.gonos\AppData\Local\Programs\MiKTeX\tex/latex/lm\omxlmex.fd)
[1{C:/Users/y.gonos/AppData/Local/MiKTeX/fonts/map/pdftex/pdftex.map}{C:/Users/
y.gonos/AppData/Local/Programs/MiKTeX/fonts/enc/dvips/lm/lm-ec.enc} <./images/l
ogo_3il_ingenieurs.png> <./images/iveco_logo.jpg>] [2] (main.toc) [3]
(sections/acronymes.tex) [4] (sections/entreprise.tex
(C:\Users\y.gonos\AppData\Local\Programs\MiKTeX\tex/latex/lm\ts1lmr.fd)
[5{C:/Users/y.gonos/AppData/Local/Programs/MiKTeX/fonts/enc/dvips/lm/lm-ts1.enc
}] [6]) (sections/introduction.tex [7]) (sections/gouvernance.tex [8{C:/Users/y
.gonos/AppData/Local/Programs/MiKTeX/fonts/enc/dvips/lm/lm-rm.enc}] [9{C:/Users
/y.gonos/AppData/Local/Programs/MiKTeX/fonts/enc/dvips/lm/lm-mathit.enc}]
[10]) (sections/social.tex [11] [12] [13]) (sections/numerique.tex [14]
[15] [16]) [17] (sections/conclusion.tex) [18] (sections/glossaire.tex [19])
[20] (C:\Users\y.gonos\AppData\Local\Programs\MiKTeX\tex/latex/lm\t1lmtt.fd)
[21] (main.aux) )<C:/Users/y.gonos/AppData/Local/Programs/MiKTeX/fonts/type1/pu
blic/lm/lmbx10.pfb><C:/Users/y.gonos/AppData/Local/Programs/MiKTeX/fonts/type1/
public/lm/lmbx12.pfb><C:/Users/y.gonos/AppData/Local/Programs/MiKTeX/fonts/type
1/public/lm/lmcsc10.pfb><C:/Users/y.gonos/AppData/Local/Programs/MiKTeX/fonts/t
ype1/public/lm/lmmi12.pfb><C:/Users/y.gonos/AppData/Local/Programs/MiKTeX/fonts
/type1/public/lm/lmr10.pfb><C:/Users/y.gonos/AppData/Local/Programs/MiKTeX/font
s/type1/public/lm/lmr12.pfb><C:/Users/y.gonos/AppData/Local/Programs/MiKTeX/fon
ts/type1/public/lm/lmr6.pfb><C:/Users/y.gonos/AppData/Local/Programs/MiKTeX/fon
ts/type1/public/lm/lmr7.pfb><C:/Users/y.gonos/AppData/Local/Programs/MiKTeX/fon
ts/type1/public/lm/lmr8.pfb><C:/Users/y.gonos/AppData/Local/Programs/MiKTeX/fon
ts/type1/public/lm/lmri10.pfb><C:/Users/y.gonos/AppData/Local/Programs/MiKTeX/f
onts/type1/public/lm/lmri12.pfb><C:/Users/y.gonos/AppData/Local/Programs/MiKTeX
/fonts/type1/public/lm/lmri8.pfb><C:/Users/y.gonos/AppData/Local/Programs/MiKTe
X/fonts/type1/public/lm/lmtt12.pfb>
Output written on main.pdf (21 pages, 481246 bytes).
Transcript written on main.log.
pdflatex: major issue: So far, you have not checked for MiKTeX updates.
