\BOOKMARK [1][-]{section*.1}{\376\377\000R\000e\000m\000e\000r\000c\000i\000e\000m\000e\000n\000t\000s}{}% 1
\BOOKMARK [1][-]{section*.4}{\376\377\000L\000i\000s\000t\000e\000\040\000d\000e\000s\000\040\000s\000i\000g\000l\000e\000s\000\040\000e\000t\000\040\000a\000c\000r\000o\000n\000y\000m\000e\000s}{}% 2
\BOOKMARK [1][-]{section*.5}{\376\377\000P\000r\000\351\000s\000e\000n\000t\000a\000t\000i\000o\000n\000\040\000d\000e\000\040\000l\000'\000e\000n\000t\000r\000e\000p\000r\000i\000s\000e}{}% 3
\BOOKMARK [2][-]{section*.6}{\376\377\000L\000'\000e\000n\000t\000r\000e\000p\000r\000i\000s\000e\000,\000\040\000s\000e\000s\000\040\000a\000c\000t\000i\000v\000i\000t\000\351\000s\000\040\000e\000t\000\040\000s\000e\000s\000\040\000p\000r\000o\000d\000u\000i\000t\000s}{section*.5}% 4
\BOOKMARK [2][-]{section*.9}{\376\377\000L\000'\000\351\000q\000u\000i\000p\000e\000\040\000e\000t\000\040\000l\000e\000\040\000s\000e\000r\000v\000i\000c\000e\000\040\000d\000e\000\040\000l\000'\000a\000p\000p\000r\000e\000n\000t\000i}{section*.5}% 5
\BOOKMARK [2][-]{section*.10}{\376\377\000L\000e\000\040\000r\000\364\000l\000e\000\040\000d\000e\000\040\000l\000'\000a\000p\000p\000r\000e\000n\000t\000i\000\040\000e\000t\000\040\000s\000o\000n\000\040\000e\000n\000v\000i\000r\000o\000n\000n\000e\000m\000e\000n\000t\000\040\000i\000n\000f\000o\000r\000m\000a\000t\000i\000q\000u\000e}{section*.5}% 6
\BOOKMARK [1][-]{section*.14}{\376\377\000T\000h\000\350\000m\000e\000\040\000d\000e\000\040\000l\000a\000\040\000m\000i\000s\000s\000i\000o\000n\000\040\000:\000\040\000o\000b\000j\000e\000c\000t\000i\000f\000s\000\040\000e\000t\000\040\000c\000o\000n\000t\000e\000x\000t\000e}{}% 7
\BOOKMARK [1][-]{section.1}{\376\377\000G\000o\000u\000v\000e\000r\000n\000a\000n\000c\000e\000\040\000e\000t\000\040\000e\000n\000g\000a\000g\000e\000m\000e\000n\000t\000s\000\040\000g\000l\000o\000b\000a\000u\000x}{}% 8
\BOOKMARK [2][-]{subsection.1.1}{\376\377\000S\000t\000r\000a\000t\000\351\000g\000i\000e\000\040\000e\000t\000\040\000c\000i\000b\000l\000e\000s\000\040\000c\000l\000i\000m\000a\000t\000i\000q\000u\000e\000s}{section.1}% 9
\BOOKMARK [2][-]{subsection.1.2}{\376\377\000G\000o\000u\000v\000e\000r\000n\000a\000n\000c\000e\000\040\000e\000t\000\040\000a\000l\000i\000g\000n\000e\000m\000e\000n\000t\000\040\000s\000t\000r\000a\000t\000\351\000g\000i\000q\000u\000e}{section.1}% 10
\BOOKMARK [2][-]{subsection.1.3}{\376\377\000L\000a\000b\000e\000l\000s\000\040\000e\000t\000\040\000\351\000v\000a\000l\000u\000a\000t\000i\000o\000n\000s\000\040\000E\000S\000G}{section.1}% 11
\BOOKMARK [2][-]{subsection.1.4}{\376\377\000A\000p\000p\000r\000o\000v\000i\000s\000i\000o\000n\000n\000e\000m\000e\000n\000t\000\040\000e\000t\000\040\000m\000a\000t\000\351\000r\000i\000a\000u\000x\000\040\000c\000r\000i\000t\000i\000q\000u\000e\000s}{section.1}% 12
\BOOKMARK [2][-]{subsection.1.5}{\376\377\000\311\000t\000h\000i\000q\000u\000e\000,\000\040\000c\000o\000n\000f\000o\000r\000m\000i\000t\000\351\000\040\000e\000t\000\040\000g\000e\000s\000t\000i\000o\000n\000\040\000d\000e\000s\000\040\000r\000i\000s\000q\000u\000e\000s}{section.1}% 13
\BOOKMARK [1][-]{section.2}{\376\377\000L\000a\000\040\000m\000i\000s\000e\000\040\000e\000n\000\040\001\123\000u\000v\000r\000e\000\040\000s\000o\000c\000i\000a\000l\000e\000\040\000:\000\040\000D\000i\000v\000e\000r\000s\000i\000t\000\351\000,\000\040\000\311\000g\000a\000l\000i\000t\000\351\000\040\000e\000t\000\040\000I\000n\000c\000l\000u\000s\000i\000o\000n}{}% 14
\BOOKMARK [2][-]{subsection.2.1}{\376\377\000G\000o\000u\000v\000e\000r\000n\000a\000n\000c\000e\000\040\000e\000t\000\040\000a\000m\000b\000i\000t\000i\000o\000n\000\040\000d\000u\000\040\000D\000E\000I}{section.2}% 15
\BOOKMARK [2][-]{subsection.2.2}{\376\377\000\311\000g\000a\000l\000i\000t\000\351\000\040\000d\000e\000\040\000g\000e\000n\000r\000e\000\040\000e\000t\000\040\000r\000\351\000m\000u\000n\000\351\000r\000a\000t\000i\000o\000n}{section.2}% 16
\BOOKMARK [2][-]{subsection.2.3}{\376\377\000I\000n\000c\000l\000u\000s\000i\000o\000n\000\040\000d\000u\000\040\000h\000a\000n\000d\000i\000c\000a\000p\000\040\000e\000t\000\040\000d\000i\000v\000e\000r\000s\000i\000t\000\351\000\040\000c\000u\000l\000t\000u\000r\000e\000l\000l\000e}{section.2}% 17
\BOOKMARK [2][-]{subsection.2.4}{\376\377\000S\000a\000n\000t\000\351\000,\000\040\000s\000\351\000c\000u\000r\000i\000t\000\351\000\040\000e\000t\000\040\000b\000i\000e\000n\000-\000\352\000t\000r\000e\000\040\000a\000u\000\040\000t\000r\000a\000v\000a\000i\000l}{section.2}% 18
\BOOKMARK [2][-]{subsection.2.5}{\376\377\000E\000n\000g\000a\000g\000e\000m\000e\000n\000t\000\040\000c\000o\000m\000m\000u\000n\000a\000u\000t\000a\000i\000r\000e}{section.2}% 19
\BOOKMARK [2][-]{subsection.2.6}{\376\377\000P\000e\000r\000f\000o\000r\000m\000a\000n\000c\000e\000\040\000e\000t\000\040\000l\000i\000m\000i\000t\000e\000s}{section.2}% 20
\BOOKMARK [1][-]{section.3}{\376\377\000N\000u\000m\000\351\000r\000i\000q\000u\000e\000\040\000r\000e\000s\000p\000o\000n\000s\000a\000b\000l\000e\000\040\000e\000t\000\040\000r\000e\000c\000o\000m\000m\000a\000n\000d\000a\000t\000i\000o\000n\000s}{}% 21
\BOOKMARK [2][-]{subsection.3.1}{\376\377\000M\000a\000t\000u\000r\000a\000t\000i\000o\000n\000\040\000a\000c\000t\000u\000e\000l\000l\000e\000\040\000d\000u\000\040\000n\000u\000m\000\351\000r\000i\000q\000u\000e\000\040\000r\000e\000s\000p\000o\000n\000s\000a\000b\000l\000e\000\040\000c\000h\000e\000z\000\040\000I\000v\000e\000c\000o\000\040\000G\000r\000o\000u\000p}{section.3}% 22
\BOOKMARK [2][-]{subsection.3.2}{\376\377\000L\000i\000e\000n\000\040\000a\000v\000e\000c\000\040\000l\000'\000e\000n\000v\000i\000r\000o\000n\000n\000e\000m\000e\000n\000t\000\040\000i\000n\000f\000o\000r\000m\000a\000t\000i\000q\000u\000e\000\040\000d\000u\000\040\000s\000i\000t\000e\000\040\000d\000e\000\040\000H\000a\000u\000t\000e\000-\000G\000o\000u\000l\000a\000i\000n\000e}{section.3}% 23
\BOOKMARK [2][-]{subsection.3.3}{\376\377\000R\000e\000c\000o\000m\000m\000a\000n\000d\000a\000t\000i\000o\000n\000s\000\040\000p\000o\000u\000r\000\040\000l\000'\000\351\000q\000u\000i\000p\000e\000\040\000I\000T\000\040\000d\000e\000\040\000H\000a\000u\000t\000e\000-\000G\000o\000u\000l\000a\000i\000n\000e}{section.3}% 24
\BOOKMARK [1][-]{section*.30}{\376\377\000C\000o\000n\000c\000l\000u\000s\000i\000o\000n}{}% 25
\BOOKMARK [1][-]{section*.31}{\376\377\000G\000l\000o\000s\000s\000a\000i\000r\000e}{}% 26
